Archive member included to satisfy reference by file (symbol)

/usr/lib/gcc/arm-none-eabi/10.3.1/thumb/v6-m/nofp/libgcc.a(_dvmd_tls.o)
                              CMakeFiles/test.dir/home/uzygncr/pico/pico-sdk/src/rp2_common/pico_divider/divider_hardware.S.o (__aeabi_idiv0)
/usr/lib/gcc/arm-none-eabi/10.3.1/../../../arm-none-eabi/lib/thumb/v6-m/nofp/libg.a(lib_a-atexit.o)
                              /usr/lib/gcc/arm-none-eabi/10.3.1/../../../arm-none-eabi/lib/thumb/v6-m/nofp/crt0.o (atexit)
/usr/lib/gcc/arm-none-eabi/10.3.1/../../../arm-none-eabi/lib/thumb/v6-m/nofp/libg.a(lib_a-atoi.o)
                              CMakeFiles/test.dir/home/uzygncr/pico/pico-sdk/lib/lwip/src/core/netif.c.o (atoi)
/usr/lib/gcc/arm-none-eabi/10.3.1/../../../arm-none-eabi/lib/thumb/v6-m/nofp/libg.a(lib_a-calloc.o)
                              CMakeFiles/test.dir/home/uzygncr/pico/pico-sdk/src/rp2_common/pico_malloc/malloc.c.o (calloc)
/usr/lib/gcc/arm-none-eabi/10.3.1/../../../arm-none-eabi/lib/thumb/v6-m/nofp/libg.a(lib_a-callocr.o)
                              /usr/lib/gcc/arm-none-eabi/10.3.1/../../../arm-none-eabi/lib/thumb/v6-m/nofp/libg.a(lib_a-calloc.o) (_calloc_r)
/usr/lib/gcc/arm-none-eabi/10.3.1/../../../arm-none-eabi/lib/thumb/v6-m/nofp/libg.a(lib_a-ctype_.o)
                              CMakeFiles/test.dir/home/uzygncr/pico/pico-sdk/lib/lwip/src/core/dns.c.o (_ctype_)
/usr/lib/gcc/arm-none-eabi/10.3.1/../../../arm-none-eabi/lib/thumb/v6-m/nofp/libg.a(lib_a-fini.o)
                              /usr/lib/gcc/arm-none-eabi/10.3.1/../../../arm-none-eabi/lib/thumb/v6-m/nofp/crt0.o (__libc_fini_array)
/usr/lib/gcc/arm-none-eabi/10.3.1/../../../arm-none-eabi/lib/thumb/v6-m/nofp/libg.a(lib_a-impure.o)
                              /usr/lib/gcc/arm-none-eabi/10.3.1/../../../arm-none-eabi/lib/thumb/v6-m/nofp/libg.a(lib_a-calloc.o) (_impure_ptr)
/usr/lib/gcc/arm-none-eabi/10.3.1/../../../arm-none-eabi/lib/thumb/v6-m/nofp/libg.a(lib_a-init.o)
                              /usr/lib/gcc/arm-none-eabi/10.3.1/../../../arm-none-eabi/lib/thumb/v6-m/nofp/crt0.o (__libc_init_array)
/usr/lib/gcc/arm-none-eabi/10.3.1/../../../arm-none-eabi/lib/thumb/v6-m/nofp/libg.a(lib_a-lcltime_r.o)
                              CMakeFiles/test.dir/home/uzygncr/pico/pico-sdk/src/common/pico_util/datetime.c.o (localtime_r)
/usr/lib/gcc/arm-none-eabi/10.3.1/../../../arm-none-eabi/lib/thumb/v6-m/nofp/libg.a(lib_a-malloc.o)
                              CMakeFiles/test.dir/home/uzygncr/pico/pico-sdk/src/rp2_common/pico_malloc/malloc.c.o (malloc)
/usr/lib/gcc/arm-none-eabi/10.3.1/../../../arm-none-eabi/lib/thumb/v6-m/nofp/libg.a(lib_a-mallocr.o)
                              /usr/lib/gcc/arm-none-eabi/10.3.1/../../../arm-none-eabi/lib/thumb/v6-m/nofp/libg.a(lib_a-callocr.o) (_malloc_r)
/usr/lib/gcc/arm-none-eabi/10.3.1/../../../arm-none-eabi/lib/thumb/v6-m/nofp/libg.a(lib_a-memcmp.o)
                              CMakeFiles/test.dir/home/uzygncr/pico/pico-sdk/lib/lwip/src/netif/ethernet.c.o (memcmp)
/usr/lib/gcc/arm-none-eabi/10.3.1/../../../arm-none-eabi/lib/thumb/v6-m/nofp/libg.a(lib_a-memmove.o)
                              CMakeFiles/test.dir/home/uzygncr/pico/pico-sdk/lib/lwip/src/core/def.c.o (memmove)
/usr/lib/gcc/arm-none-eabi/10.3.1/../../../arm-none-eabi/lib/thumb/v6-m/nofp/libg.a(lib_a-mktime.o)
                              CMakeFiles/test.dir/home/uzygncr/pico/pico-sdk/src/common/pico_util/datetime.c.o (mktime)
/usr/lib/gcc/arm-none-eabi/10.3.1/../../../arm-none-eabi/lib/thumb/v6-m/nofp/libg.a(lib_a-mlock.o)
                              /usr/lib/gcc/arm-none-eabi/10.3.1/../../../arm-none-eabi/lib/thumb/v6-m/nofp/libg.a(lib_a-mallocr.o) (__malloc_lock)
/usr/lib/gcc/arm-none-eabi/10.3.1/../../../arm-none-eabi/lib/thumb/v6-m/nofp/libg.a(lib_a-month_lengths.o)
                              /usr/lib/gcc/arm-none-eabi/10.3.1/../../../arm-none-eabi/lib/thumb/v6-m/nofp/libg.a(lib_a-lcltime_r.o) (__month_lengths)
/usr/lib/gcc/arm-none-eabi/10.3.1/../../../arm-none-eabi/lib/thumb/v6-m/nofp/libg.a(lib_a-realloc.o)
                              CMakeFiles/test.dir/home/uzygncr/pico/pico-sdk/src/rp2_common/pico_malloc/malloc.c.o (realloc)
/usr/lib/gcc/arm-none-eabi/10.3.1/../../../arm-none-eabi/lib/thumb/v6-m/nofp/libg.a(lib_a-reallocr.o)
                              /usr/lib/gcc/arm-none-eabi/10.3.1/../../../arm-none-eabi/lib/thumb/v6-m/nofp/libg.a(lib_a-realloc.o) (_realloc_r)
/usr/lib/gcc/arm-none-eabi/10.3.1/../../../arm-none-eabi/lib/thumb/v6-m/nofp/libg.a(lib_a-sbrkr.o)
                              /usr/lib/gcc/arm-none-eabi/10.3.1/../../../arm-none-eabi/lib/thumb/v6-m/nofp/libg.a(lib_a-mallocr.o) (_sbrk_r)
/usr/lib/gcc/arm-none-eabi/10.3.1/../../../arm-none-eabi/lib/thumb/v6-m/nofp/libg.a(lib_a-strlen-stub.o)
                              CMakeFiles/test.dir/home/uzygncr/pico/pico-sdk/lib/lwip/src/core/def.c.o (strlen)
/usr/lib/gcc/arm-none-eabi/10.3.1/../../../arm-none-eabi/lib/thumb/v6-m/nofp/libg.a(lib_a-strncmp.o)
[...]
Memory Configuration

Name             Origin             Length             Attributes
FLASH            0x0000000010000000 0x0000000000200000 xr
RAM              0x0000000020000000 0x0000000000040000 xrw
SCRATCH_X        0x0000000020040000 0x0000000000001000 xrw
SCRATCH_Y        0x0000000020041000 0x0000000000001000 xrw
*default*        0x0000000000000000 0xffffffffffffffff

Linker script and memory map

LOAD /usr/lib/gcc/arm-none-eabi/10.3.1/thumb/v6-m/nofp/crti.o
LOAD /usr/lib/gcc/arm-none-eabi/10.3.1/thumb/v6-m/nofp/crtbegin.o
LOAD /usr/lib/gcc/arm-none-eabi/10.3.1/../../../arm-none-eabi/lib/thumb/v6-m/nofp/crt0.o

.flash_begin    0x0000000010000000        0x0
                0x0000000010000000                __flash_binary_start = .

.boot2          0x0000000010000000      0x100
                0x0000000010000000                __boot2_start__ = .
 *(.boot2)
 .boot2         0x0000000010000000      0x100 pico-sdk/src/rp2040/boot_stage2/CMakeFiles/bs2_default_library.dir/bs2_default_padded_checksummed.S.o
                0x0000000010000100                __boot2_end__ = .
                0x0000000000000001                ASSERT (((__boot2_end__ - __boot2_start__) == 0x100), ERROR: Pico second stage bootloader must be 256 bytes in size)

.text           0x0000000010000100     0xd86c
                0x0000000010000100                __logical_binary_start = .
 *(.vectors)
 .vectors       0x0000000010000100       0xd4 CMakeFiles/test.dir/home/uzygncr/pico/pico-sdk/src/rp2_common/pico_crt0/crt0.S.o
                0x0000000010000100                __vectors
                0x0000000010000100                __VECTOR_TABLE
                0x00000000100001c0                isr_invalid
                0x00000000100001c0                __default_isrs_start
                0x00000000100001c2                isr_nmi
                0x00000000100001c4                isr_hardfault
                0x00000000100001c6                isr_svcall
                0x00000000100001c8                isr_pendsv
                0x00000000100001ca                isr_systick
                0x00000000100001cc                isr_irq30
                0x00000000100001cc                __unhandled_user_irq
                0x00000000100001cc                isr_irq13
                0x00000000100001cc                isr_irq27
                0x00000000100001cc                isr_irq31
                0x00000000100001cc                isr_irq5
                0x00000000100001cc                isr_irq11
                0x00000000100001cc                isr_irq23
                0x00000000100001cc                isr_irq18
                0x00000000100001cc                isr_irq28
                0x00000000100001cc                isr_irq19
                0x00000000100001cc                isr_irq0
                0x00000000100001cc                isr_irq6
                0x00000000100001cc                isr_irq22
                0x00000000100001cc                isr_irq17
                0x00000000100001cc                isr_irq14
                0x00000000100001cc                isr_irq2
                0x00000000100001cc                isr_irq10
                0x00000000100001cc                isr_irq8
                0x00000000100001cc                isr_irq24
                0x00000000100001cc                isr_irq1
                0x00000000100001cc                isr_irq7
                0x00000000100001cc                isr_irq21
                0x00000000100001cc                isr_irq20
                0x00000000100001cc                isr_irq15
                0x00000000100001cc                isr_irq25
                0x00000000100001cc                isr_irq4
                0x00000000100001cc                isr_irq16
                0x00000000100001cc                isr_irq29
                0x00000000100001cc                isr_irq26
                0x00000000100001cc                __default_isrs_end
                0x00000000100001cc                isr_irq3
                0x00000000100001cc                isr_irq12
                0x00000000100001cc                isr_irq9
                0x00000000100001d2                unhandled_user_irq_num_in_r0
 *(.binary_info_header)
 .binary_info_header
                0x00000000100001d4       0x14 CMakeFiles/test.dir/home/uzygncr/pico/pico-sdk/src/rp2_common/pico_crt0/crt0.S.o
                0x00000000100001e8                __binary_info_header_end = .
 *(.embedded_block)
                0x00000000100001e8                __embedded_block_end = .
 *(.reset)
 .reset         0x00000000100001e8       0x9c CMakeFiles/test.dir/home/uzygncr/pico/pico-sdk/src/rp2_common/pico_crt0/crt0.S.o
                0x00000000100001e8                _entry_point
 *(.init)
 .init          0x0000000010000284        0x4 /usr/lib/gcc/arm-none-eabi/10.3.1/thumb/v6-m/nofp/crti.o
                0x0000000010000284                _init
 *(EXCLUDE_FILE(*libm.a: *libc.a:*lib_a-mem*.o *libgcc.a:) .text*)
 .text          0x0000000010000288       0x98 /usr/lib/gcc/arm-none-eabi/10.3.1/thumb/v6-m/nofp/crtbegin.o
 .text.startup.main
                0x0000000010000320       0x34 CMakeFiles/test.dir/w_blink.c.o
                0x0000000010000320                main
 .text.lwip_timeout_reached
                0x0000000010000354        0x8 CMakeFiles/test.dir/home/uzygncr/pico/pico-sdk/src/rp2_common/pico_lwip/lwip_nosys.c.o
 .text.update_next_timeout
                0x000000001000035c       0x6c CMakeFiles/test.dir/home/uzygncr/pico/pico-sdk/src/rp2_common/pico_lwip/lwip_nosys.c.o
 .text.lwip_nosys_init
                0x00000000100003c8       0x30 CMakeFiles/test.dir/home/uzygncr/pico/pico-sdk/src/rp2_common/pico_lwip/lwip_nosys.c.o
                0x00000000100003c8                lwip_nosys_init
 .text.lwip_nosys_deinit
                0x00000000100003f8       0x20 CMakeFiles/test.dir/home/uzygncr/pico/pico-sdk/src/rp2_common/pico_lwip/lwip_nosys.c.o
                0x00000000100003f8                lwip_nosys_deinit
 .text.sys_arch_protect
                0x0000000010000418        0x4 CMakeFiles/test.dir/home/uzygncr/pico/pico-sdk/src/rp2_common/pico_lwip/lwip_nosys.c.o
                0x0000000010000418                sys_arch_protect
 .text.sys_arch_unprotect
                0x000000001000041c        0x4 CMakeFiles/test.dir/home/uzygncr/pico/pico-sdk/src/rp2_common/pico_lwip/lwip_nosys.c.o
                0x000000001000041c                sys_arch_unprotect
 .text.sys_now  0x0000000010000420       0x20 CMakeFiles/test.dir/home/uzygncr/pico/pico-sdk/src/rp2_common/pico_lwip/lwip_nosys.c.o
                0x0000000010000420                sys_now
 .text.async_context_base_add_at_time_worker
                0x0000000010000440       0x28 CMakeFiles/test.dir/home/uzygncr/pico/pico-sdk/src/rp2_common/pico_async_context/async_context_base.c.o
                0x0000000010000440                async_context_base_add_at_time_worker
 .text.async_context_base_remove_at_time_worker
                0x0000000010000468       0x28 CMakeFiles/test.dir/home/uzygncr/pico/pico-sdk/src/rp2_common/pico_async_context/async_context_base.c.o
                0x0000000010000468                async_context_base_remove_at_time_worker
 .text.async_context_base_add_when_pending_worker
                0x0000000010000490       0x24 CMakeFiles/test.dir/home/uzygncr/pico/pico-sdk/src/rp2_common/pico_async_context/async_context_base.c.o
                0x0000000010000490                async_context_base_add_when_pending_worker
 .text.async_context_base_remove_when_pending_worker
                0x00000000100004b4       0x28 CMakeFiles/test.dir/home/uzygncr/pico/pico-sdk/src/rp2_common/pico_async_context/async_context_base.c.o
                0x00000000100004b4                async_context_base_remove_when_pending_worker
 .text.async_context_base_execute_once
                0x00000000100004dc       0xe8 CMakeFiles/test.dir/home/uzygncr/pico/pico-sdk/src/rp2_common/pico_async_context/async_context_base.c.o
                0x00000000100004dc                async_context_base_execute_once
 .text.panic    0x00000000100005c4       0x30 CMakeFiles/test.dir/home/uzygncr/pico/pico-sdk/src/rp2_common/pico_platform_panic/panic.c.o
                0x00000000100005c4                panic
 .text.splitmix64
                0x00000000100005f4       0x5c CMakeFiles/test.dir/home/uzygncr/pico/pico-sdk/src/rp2_common/pico_rand/rand.c.o
 .text.xoroshiro128ss
                0x0000000010000650       0x90 CMakeFiles/test.dir/home/uzygncr/pico/pico-sdk/src/rp2_common/pico_rand/rand.c.o
 .text.get_rand_64
                0x00000000100006e0      0x484 CMakeFiles/test.dir/home/uzygncr/pico/pico-sdk/src/rp2_common/pico_rand/rand.c.o
                0x00000000100006e0                get_rand_64
 .text.get_rand_32
                0x0000000010000b64        0x8 CMakeFiles/test.dir/home/uzygncr/pico/pico-sdk/src/rp2_common/pico_rand/rand.c.o
                0x0000000010000b64                get_rand_32
 .text.startup._retrieve_unique_id_on_boot
                0x0000000010000b6c       0x10 CMakeFiles/test.dir/home/uzygncr/pico/pico-sdk/src/rp2_common/pico_unique_id/unique_id.c.o
 .text.pico_get_unique_board_id
                0x0000000010000b7c       0x10 CMakeFiles/test.dir/home/uzygncr/pico/pico-sdk/src/rp2_common/pico_unique_id/unique_id.c.o
                0x0000000010000b7c                pico_get_unique_board_id
 .text.flash_get_unique_id
                0x0000000010000b8c       0x40 CMakeFiles/test.dir/home/uzygncr/pico/pico-sdk/src/rp2_common/hardware_flash/flash.c.o
                0x0000000010000b8c                flash_get_unique_id
 .text.hw_claim_lock
                0x0000000010000bcc       0x18 CMakeFiles/test.dir/home/uzygncr/pico/pico-sdk/src/common/hardware_claim/claim.c.o
                0x0000000010000bcc                hw_claim_lock
 .text.hw_claim_unlock
                0x0000000010000be4       0x14 CMakeFiles/test.dir/home/uzygncr/pico/pico-sdk/src/common/hardware_claim/claim.c.o
                0x0000000010000be4                hw_claim_unlock
 .text.hw_claim_or_assert
                0x0000000010000bf8       0x44 CMakeFiles/test.dir/home/uzygncr/pico/pico-sdk/src/common/hardware_claim/claim.c.o
                0x0000000010000bf8                hw_claim_or_assert
 .text.hw_claim_unused_from_range
                0x0000000010000c3c       0x9c CMakeFiles/test.dir/home/uzygncr/pico/pico-sdk/src/common/hardware_claim/claim.c.o
                0x0000000010000c3c                hw_claim_unused_from_range
 .text.hw_claim_clear
                0x0000000010000cd8       0x38 CMakeFiles/test.dir/home/uzygncr/pico/pico-sdk/src/common/hardware_claim/claim.c.o
                0x0000000010000cd8                hw_claim_clear
 .text.next_striped_spin_lock_num
                0x0000000010000d10       0x18 CMakeFiles/test.dir/home/uzygncr/pico/pico-sdk/src/rp2_common/hardware_sync/sync.c.o
                0x0000000010000d10                next_striped_spin_lock_num
 .text.spin_locks_reset
                0x0000000010000d28       0x1c CMakeFiles/test.dir/home/uzygncr/pico/pico-sdk/src/rp2_common/hardware_sync_spin_lock/sync_spin_lock.c.o
                0x0000000010000d28                spin_locks_reset
 .text.rom_func_lookup
                0x0000000010000d44       0x10 CMakeFiles/test.dir/home/uzygncr/pico/pico-sdk/src/rp2_common/pico_bootrom/bootrom.c.o
                0x0000000010000d44                rom_func_lookup
 .text.rom_data_lookup
                0x0000000010000d54       0x10 CMakeFiles/test.dir/home/uzygncr/pico/pico-sdk/src/rp2_common/pico_bootrom/bootrom.c.o
                0x0000000010000d54                rom_data_lookup
 .text.rom_funcs_lookup
                0x0000000010000d64       0x44 CMakeFiles/test.dir/home/uzygncr/pico/pico-sdk/src/rp2_common/pico_bootrom/bootrom.c.o
                0x0000000010000d64                rom_funcs_lookup
 .text.sleep_until_callback
                0x0000000010000da8       0x30 CMakeFiles/test.dir/home/uzygncr/pico/pico-sdk/src/common/pico_time/time.c.o
 .text.alarm_pool_irq_handler
                0x0000000010000dd8      0x308 CMakeFiles/test.dir/home/uzygncr/pico/pico-sdk/src/common/pico_time/time.c.o
 .text.runtime_init_default_alarm_pool
                0x00000000100010e0       0xdc CMakeFiles/test.dir/home/uzygncr/pico/pico-sdk/src/common/pico_time/time.c.o
                0x00000000100010e0                runtime_init_default_alarm_pool
 .text.alarm_pool_get_default
                0x00000000100011bc        0x8 CMakeFiles/test.dir/home/uzygncr/pico/pico-sdk/src/common/pico_time/time.c.o
                0x00000000100011bc                alarm_pool_get_default
 .text.alarm_pool_add_alarm_at
                0x00000000100011c4       0xc8 CMakeFiles/test.dir/home/uzygncr/pico/pico-sdk/src/common/pico_time/time.c.o
                0x00000000100011c4                alarm_pool_add_alarm_at
 .text.alarm_pool_add_alarm_at_force_in_context
                0x000000001000128c       0xb0 CMakeFiles/test.dir/home/uzygncr/pico/pico-sdk/src/common/pico_time/time.c.o
                0x000000001000128c                alarm_pool_add_alarm_at_force_in_context
 .text.alarm_pool_cancel_alarm
                0x000000001000133c       0x7c CMakeFiles/test.dir/home/uzygncr/pico/pico-sdk/src/common/pico_time/time.c.o
                0x000000001000133c                alarm_pool_cancel_alarm
 .text.sleep_until
                0x00000000100013b8       0xd0 CMakeFiles/test.dir/home/uzygncr/pico/pico-sdk/src/common/pico_time/time.c.o
                0x00000000100013b8                sleep_until
 .text.sleep_ms
                0x0000000010001488       0x34 CMakeFiles/test.dir/home/uzygncr/pico/pico-sdk/src/common/pico_time/time.c.o
                0x0000000010001488                sleep_ms
 .text.best_effort_wfe_or_timeout
                0x00000000100014bc       0xe0 CMakeFiles/test.dir/home/uzygncr/pico/pico-sdk/src/common/pico_time/time.c.o
                0x00000000100014bc                best_effort_wfe_or_timeout
 .text.timer_hardware_alarm_claim
                0x000000001000159c       0x14 CMakeFiles/test.dir/home/uzygncr/pico/pico-sdk/src/rp2_common/hardware_timer/timer.c.o
                0x000000001000159c                timer_hardware_alarm_claim
 .text.timer_time_us_64
                0x00000000100015b0       0x10 CMakeFiles/test.dir/home/uzygncr/pico/pico-sdk/src/rp2_common/hardware_timer/timer.c.o
                0x00000000100015b0                timer_time_us_64
 .text.time_us_64
                0x00000000100015c0       0x14 CMakeFiles/test.dir/home/uzygncr/pico/pico-sdk/src/rp2_common/hardware_timer/timer.c.o
                0x00000000100015c0                time_us_64
 .text.busy_wait_us
                0x00000000100015d4       0x54 CMakeFiles/test.dir/home/uzygncr/pico/pico-sdk/src/rp2_common/hardware_timer/timer.c.o
                0x00000000100015d4                busy_wait_us
 .text.busy_wait_until
                0x0000000010001628       0x20 CMakeFiles/test.dir/home/uzygncr/pico/pico-sdk/src/rp2_common/hardware_timer/timer.c.o
                0x0000000010001628                busy_wait_until
 .text.runtime_init_per_core_irq_priorities
                0x0000000010001648       0x24 CMakeFiles/test.dir/home/uzygncr/pico/pico-sdk/src/rp2_common/hardware_irq/irq.c.o
                0x0000000010001648                runtime_init_per_core_irq_priorities
 .text.irq_set_enabled
                0x000000001000166c       0x24 CMakeFiles/test.dir/home/uzygncr/pico/pico-sdk/src/rp2_common/hardware_irq/irq.c.o
                0x000000001000166c                irq_set_enabled
 .text.irq_set_pending
                0x0000000010001690       0x10 CMakeFiles/test.dir/home/uzygncr/pico/pico-sdk/src/rp2_common/hardware_irq/irq.c.o
                0x0000000010001690                irq_set_pending
 .text.irq_set_exclusive_handler
                0x00000000100016a0       0x54 CMakeFiles/test.dir/home/uzygncr/pico/pico-sdk/src/rp2_common/hardware_irq/irq.c.o
                0x00000000100016a0                irq_set_exclusive_handler
 .text.irq_add_shared_handler
                0x00000000100016f4      0x1e8 CMakeFiles/test.dir/home/uzygncr/pico/pico-sdk/src/rp2_common/hardware_irq/irq.c.o
                0x00000000100016f4                irq_add_shared_handler
 .text.irq_remove_handler
                0x00000000100018dc      0x1c4 CMakeFiles/test.dir/home/uzygncr/pico/pico-sdk/src/rp2_common/hardware_irq/irq.c.o
                0x00000000100018dc                irq_remove_handler
 .text.irq_set_priority
                0x0000000010001aa0       0x28 CMakeFiles/test.dir/home/uzygncr/pico/pico-sdk/src/rp2_common/hardware_irq/irq.c.o
                0x0000000010001aa0                irq_set_priority
 .text.irq_add_tail_to_free_list
                0x0000000010001ac8       0xb4 CMakeFiles/test.dir/home/uzygncr/pico/pico-sdk/src/rp2_common/hardware_irq/irq.c.o
                0x0000000010001ac8                irq_add_tail_to_free_list
 .text.user_irq_unclaim
                0x0000000010001b7c       0x14 CMakeFiles/test.dir/home/uzygncr/pico/pico-sdk/src/rp2_common/hardware_irq/irq.c.o
                0x0000000010001b7c                user_irq_unclaim
 .text.user_irq_claim_unused
                0x0000000010001b90       0x28 CMakeFiles/test.dir/home/uzygncr/pico/pico-sdk/src/rp2_common/hardware_irq/irq.c.o
                0x0000000010001b90                user_irq_claim_unused
 .text.sem_init
                0x0000000010001bb8       0x20 CMakeFiles/test.dir/home/uzygncr/pico/pico-sdk/src/common/pico_sync/sem.c.o
                0x0000000010001bb8                sem_init
 .text.lock_init
                0x0000000010001bd8       0x10 CMakeFiles/test.dir/home/uzygncr/pico/pico-sdk/src/common/pico_sync/lock_core.c.o
                0x0000000010001bd8                lock_init
 .text.runtime_init_mutex
                0x0000000010001be8       0x58 CMakeFiles/test.dir/home/uzygncr/pico/pico-sdk/src/common/pico_sync/mutex.c.o
                0x0000000010001be8                runtime_init_mutex
 .text.recursive_mutex_init
                0x0000000010001c40       0x1c CMakeFiles/test.dir/home/uzygncr/pico/pico-sdk/src/common/pico_sync/mutex.c.o
                0x0000000010001c40                recursive_mutex_init
 .text.clock_configure_int_divider
                0x0000000010001c5c       0xf4 CMakeFiles/test.dir/home/uzygncr/pico/pico-sdk/src/rp2_common/hardware_clocks/clocks.c.o
                0x0000000010001c5c                clock_configure_int_divider
 .text.clock_configure_undivided
                0x0000000010001d50       0xe8 CMakeFiles/test.dir/home/uzygncr/pico/pico-sdk/src/rp2_common/hardware_clocks/clocks.c.o
                0x0000000010001d50                clock_configure_undivided
 .text.clock_get_hz
                0x0000000010001e38        0xc CMakeFiles/test.dir/home/uzygncr/pico/pico-sdk/src/rp2_common/hardware_clocks/clocks.c.o
                0x0000000010001e38                clock_get_hz
 .text.gpio_set_function
                0x0000000010001e44       0x34 CMakeFiles/test.dir/home/uzygncr/pico/pico-sdk/src/rp2_common/hardware_gpio/gpio.c.o
                0x0000000010001e44                gpio_set_function
 .text.gpio_set_pulls
                0x0000000010001e78       0x34 CMakeFiles/test.dir/home/uzygncr/pico/pico-sdk/src/rp2_common/hardware_gpio/gpio.c.o
                0x0000000010001e78                gpio_set_pulls
 .text.gpio_set_input_hysteresis_enabled
                0x0000000010001eac       0x28 CMakeFiles/test.dir/home/uzygncr/pico/pico-sdk/src/rp2_common/hardware_gpio/gpio.c.o
                0x0000000010001eac                gpio_set_input_hysteresis_enabled
 .text.gpio_set_irq_enabled
                0x0000000010001ed4       0x58 CMakeFiles/test.dir/home/uzygncr/pico/pico-sdk/src/rp2_common/hardware_gpio/gpio.c.o
                0x0000000010001ed4                gpio_set_irq_enabled
 .text.gpio_add_raw_irq_handler_with_order_priority_masked
                0x0000000010001f2c       0x44 CMakeFiles/test.dir/home/uzygncr/pico/pico-sdk/src/rp2_common/hardware_gpio/gpio.c.o
                0x0000000010001f2c                gpio_add_raw_irq_handler_with_order_priority_masked
 .text.gpio_remove_raw_irq_handler_masked
                0x0000000010001f70       0x20 CMakeFiles/test.dir/home/uzygncr/pico/pico-sdk/src/rp2_common/hardware_gpio/gpio.c.o
                0x0000000010001f70                gpio_remove_raw_irq_handler_masked
 .text.gpio_init
                0x0000000010001f90       0x40 CMakeFiles/test.dir/home/uzygncr/pico/pico-sdk/src/rp2_common/hardware_gpio/gpio.c.o
                0x0000000010001f90                gpio_init
 .text.pll_init
                0x0000000010001fd0       0xa0 CMakeFiles/test.dir/home/uzygncr/pico/pico-sdk/src/rp2_common/hardware_pll/pll.c.o
                0x0000000010001fd0                pll_init
 .text.tick_start
                0x0000000010002070       0x10 CMakeFiles/test.dir/home/uzygncr/pico/pico-sdk/src/rp2_common/hardware_ticks/ticks.c.o
                0x0000000010002070                tick_start
 .text.xosc_init
                0x0000000010002080       0x28 CMakeFiles/test.dir/home/uzygncr/pico/pico-sdk/src/rp2_common/hardware_xosc/xosc.c.o
                0x0000000010002080                xosc_init
 .text.lwip_init
                0x00000000100020a8       0x24 CMakeFiles/test.dir/home/uzygncr/pico/pico-sdk/lib/lwip/src/core/init.c.o
                0x00000000100020a8                lwip_init
 .text.lwip_htons
                0x00000000100020cc        0x8 CMakeFiles/test.dir/home/uzygncr/pico/pico-sdk/lib/lwip/src/core/def.c.o
                0x00000000100020cc                lwip_htons
 .text.lwip_htonl
                0x00000000100020d4        0x4 CMakeFiles/test.dir/home/uzygncr/pico/pico-sdk/lib/lwip/src/core/def.c.o
                0x00000000100020d4                lwip_htonl
 .text.dns_call_found
                0x00000000100020d8      0x134 CMakeFiles/test.dir/home/uzygncr/pico/pico-sdk/lib/lwip/src/core/dns.c.o
 .text.dns_send.isra.0
                0x000000001000220c      0x168 CMakeFiles/test.dir/home/uzygncr/pico/pico-sdk/lib/lwip/src/core/dns.c.o
 .text.dns_init
                0x0000000010002374        0x4 CMakeFiles/test.dir/home/uzygncr/pico/pico-sdk/lib/lwip/src/core/dns.c.o
                0x0000000010002374                dns_init
 .text.dns_setserver
                0x0000000010002378       0x2c CMakeFiles/test.dir/home/uzygncr/pico/pico-sdk/lib/lwip/src/core/dns.c.o
                0x0000000010002378                dns_setserver
 .text.dns_tmr  0x00000000100023a4      0x138 CMakeFiles/test.dir/home/uzygncr/pico/pico-sdk/lib/lwip/src/core/dns.c.o
                0x00000000100023a4                dns_tmr
 .text.lwip_standard_chksum
                0x00000000100024dc       0xd8 CMakeFiles/test.dir/home/uzygncr/pico/pico-sdk/lib/lwip/src/core/inet_chksum.c.o
                0x00000000100024dc                lwip_standard_chksum
 .text.inet_chksum_pseudo
                0x00000000100025b4       0xb4 CMakeFiles/test.dir/home/uzygncr/pico/pico-sdk/lib/lwip/src/core/inet_chksum.c.o
                0x00000000100025b4                inet_chksum_pseudo
 .text.ip_chksum_pseudo
                0x0000000010002668       0x10 CMakeFiles/test.dir/home/uzygncr/pico/pico-sdk/lib/lwip/src/core/inet_chksum.c.o
                0x0000000010002668                ip_chksum_pseudo
 .text.inet_chksum
                0x0000000010002678        0xc CMakeFiles/test.dir/home/uzygncr/pico/pico-sdk/lib/lwip/src/core/inet_chksum.c.o
                0x0000000010002678                inet_chksum
 .text.mem_init
                0x0000000010002684       0x40 CMakeFiles/test.dir/home/uzygncr/pico/pico-sdk/lib/lwip/src/core/mem.c.o
                0x0000000010002684                mem_init
 .text.mem_free
                0x00000000100026c4      0x11c CMakeFiles/test.dir/home/uzygncr/pico/pico-sdk/lib/lwip/src/core/mem.c.o
                0x00000000100026c4                mem_free
 .text.mem_trim
                0x00000000100027e0      0x110 CMakeFiles/test.dir/home/uzygncr/pico/pico-sdk/lib/lwip/src/core/mem.c.o
                0x00000000100027e0                mem_trim
 .text.mem_malloc
                0x00000000100028f0      0x120 CMakeFiles/test.dir/home/uzygncr/pico/pico-sdk/lib/lwip/src/core/mem.c.o
                0x00000000100028f0                mem_malloc
 .text.memp_init
                0x0000000010002a10       0x6c CMakeFiles/test.dir/home/uzygncr/pico/pico-sdk/lib/lwip/src/core/memp.c.o
                0x0000000010002a10                memp_init
 .text.memp_malloc
                0x0000000010002a7c       0x3c CMakeFiles/test.dir/home/uzygncr/pico/pico-sdk/lib/lwip/src/core/memp.c.o
                0x0000000010002a7c                memp_malloc
 .text.memp_free
                0x0000000010002ab8       0x38 CMakeFiles/test.dir/home/uzygncr/pico/pico-sdk/lib/lwip/src/core/memp.c.o
                0x0000000010002ab8                memp_free
 .text.netif_do_set_ipaddr.isra.0
                0x0000000010002af0       0x70 CMakeFiles/test.dir/home/uzygncr/pico/pico-sdk/lib/lwip/src/core/netif.c.o
 .text.netif_init
                0x0000000010002b60        0x4 CMakeFiles/test.dir/home/uzygncr/pico/pico-sdk/lib/lwip/src/core/netif.c.o
                0x0000000010002b60                netif_init
 .text.netif_set_addr
                0x0000000010002b64       0xb8 CMakeFiles/test.dir/home/uzygncr/pico/pico-sdk/lib/lwip/src/core/netif.c.o
                0x0000000010002b64                netif_set_addr
 .text.netif_remove
                0x0000000010002c1c       0x94 CMakeFiles/test.dir/home/uzygncr/pico/pico-sdk/lib/lwip/src/core/netif.c.o
                0x0000000010002c1c                netif_remove
 .text.netif_set_link_up
                0x0000000010002cb0       0x44 CMakeFiles/test.dir/home/uzygncr/pico/pico-sdk/lib/lwip/src/core/netif.c.o
                0x0000000010002cb0                netif_set_link_up
 .text.netif_set_link_down
                0x0000000010002cf4       0x20 CMakeFiles/test.dir/home/uzygncr/pico/pico-sdk/lib/lwip/src/core/netif.c.o
                0x0000000010002cf4                netif_set_link_down
 .text.netif_get_by_index
                0x0000000010002d14       0x2c CMakeFiles/test.dir/home/uzygncr/pico/pico-sdk/lib/lwip/src/core/netif.c.o
                0x0000000010002d14                netif_get_by_index
 .text.pbuf_free.part.0
                0x0000000010002d40       0x7c CMakeFiles/test.dir/home/uzygncr/pico/pico-sdk/lib/lwip/src/core/pbuf.c.o
 .text.pbuf_free_ooseq
                0x0000000010002dbc       0x34 CMakeFiles/test.dir/home/uzygncr/pico/pico-sdk/lib/lwip/src/core/pbuf.c.o
                0x0000000010002dbc                pbuf_free_ooseq
 .text.pbuf_alloc
                0x0000000010002df0      0x130 CMakeFiles/test.dir/home/uzygncr/pico/pico-sdk/lib/lwip/src/core/pbuf.c.o
                0x0000000010002df0                pbuf_alloc
 .text.pbuf_realloc
                0x0000000010002f20       0x88 CMakeFiles/test.dir/home/uzygncr/pico/pico-sdk/lib/lwip/src/core/pbuf.c.o
                0x0000000010002f20                pbuf_realloc
 .text.pbuf_add_header
                0x0000000010002fa8       0x54 CMakeFiles/test.dir/home/uzygncr/pico/pico-sdk/lib/lwip/src/core/pbuf.c.o
                0x0000000010002fa8                pbuf_add_header
 .text.pbuf_free
                0x0000000010002ffc       0x18 CMakeFiles/test.dir/home/uzygncr/pico/pico-sdk/lib/lwip/src/core/pbuf.c.o
                0x0000000010002ffc                pbuf_free
 .text.pbuf_clen
                0x0000000010003014       0x14 CMakeFiles/test.dir/home/uzygncr/pico/pico-sdk/lib/lwip/src/core/pbuf.c.o
                0x0000000010003014                pbuf_clen
 .text.pbuf_chain
                0x0000000010003028       0x64 CMakeFiles/test.dir/home/uzygncr/pico/pico-sdk/lib/lwip/src/core/pbuf.c.o
                0x0000000010003028                pbuf_chain
 .text.pbuf_copy_partial_pbuf
                0x000000001000308c      0x13c CMakeFiles/test.dir/home/uzygncr/pico/pico-sdk/lib/lwip/src/core/pbuf.c.o
                0x000000001000308c                pbuf_copy_partial_pbuf
 .text.pbuf_copy_partial
                0x00000000100031c8       0x70 CMakeFiles/test.dir/home/uzygncr/pico/pico-sdk/lib/lwip/src/core/pbuf.c.o
                0x00000000100031c8                pbuf_copy_partial
 .text.pbuf_take
                0x0000000010003238       0x78 CMakeFiles/test.dir/home/uzygncr/pico/pico-sdk/lib/lwip/src/core/pbuf.c.o
                0x0000000010003238                pbuf_take
 .text.pbuf_take_at
                0x00000000100032b0       0xc0 CMakeFiles/test.dir/home/uzygncr/pico/pico-sdk/lib/lwip/src/core/pbuf.c.o
                0x00000000100032b0                pbuf_take_at
 .text.pbuf_put_at
                0x0000000010003370       0x1c CMakeFiles/test.dir/home/uzygncr/pico/pico-sdk/lib/lwip/src/core/pbuf.c.o
                0x0000000010003370                pbuf_put_at
 .text.raw_netif_ip_addr_changed
                0x000000001000338c       0x40 CMakeFiles/test.dir/home/uzygncr/pico/pico-sdk/lib/lwip/src/core/raw.c.o
                0x000000001000338c                raw_netif_ip_addr_changed
 .text.stats_init
                0x00000000100033cc        0x4 CMakeFiles/test.dir/home/uzygncr/pico/pico-sdk/lib/lwip/src/core/stats.c.o
                0x00000000100033cc                stats_init
 .text.tcp_close_shutdown_fin
                0x00000000100033d0       0x58 CMakeFiles/test.dir/home/uzygncr/pico/pico-sdk/lib/lwip/src/core/tcp.c.o
 .text.tcp_pcb_purge.part.0
                0x0000000010003428       0xc4 CMakeFiles/test.dir/home/uzygncr/pico/pico-sdk/lib/lwip/src/core/tcp.c.o
 .text.tcp_init
                0x00000000100034ec       0x20 CMakeFiles/test.dir/home/uzygncr/pico/pico-sdk/lib/lwip/src/core/tcp.c.o
                0x00000000100034ec                tcp_init
 .text.tcp_recved
                0x000000001000350c       0x98 CMakeFiles/test.dir/home/uzygncr/pico/pico-sdk/lib/lwip/src/core/tcp.c.o
                0x000000001000350c                tcp_recved
 .text.tcp_slowtmr
                0x00000000100035a4      0x4dc CMakeFiles/test.dir/home/uzygncr/pico/pico-sdk/lib/lwip/src/core/tcp.c.o
                0x00000000100035a4                tcp_slowtmr
 .text.tcp_seg_free
                0x0000000010003a80       0x1c CMakeFiles/test.dir/home/uzygncr/pico/pico-sdk/lib/lwip/src/core/tcp.c.o
                0x0000000010003a80                tcp_seg_free
 .text.tcp_pcb_remove
                0x0000000010003a9c       0xc8 CMakeFiles/test.dir/home/uzygncr/pico/pico-sdk/lib/lwip/src/core/tcp.c.o
                0x0000000010003a9c                tcp_pcb_remove
 .text.tcp_abandon
                0x0000000010003b64      0x1ac CMakeFiles/test.dir/home/uzygncr/pico/pico-sdk/lib/lwip/src/core/tcp.c.o
                0x0000000010003b64                tcp_abandon
 .text.tcp_process_refused_data
                0x0000000010003d10       0x78 CMakeFiles/test.dir/home/uzygncr/pico/pico-sdk/lib/lwip/src/core/tcp.c.o
                0x0000000010003d10                tcp_process_refused_data
 .text.tcp_fasttmr
                0x0000000010003d88       0x98 CMakeFiles/test.dir/home/uzygncr/pico/pico-sdk/lib/lwip/src/core/tcp.c.o
                0x0000000010003d88                tcp_fasttmr
 .text.tcp_tmr  0x0000000010003e20       0x20 CMakeFiles/test.dir/home/uzygncr/pico/pico-sdk/lib/lwip/src/core/tcp.c.o
                0x0000000010003e20                tcp_tmr
 .text.tcp_eff_send_mss_netif
                0x0000000010003e40       0x38 CMakeFiles/test.dir/home/uzygncr/pico/pico-sdk/lib/lwip/src/core/tcp.c.o
                0x0000000010003e40                tcp_eff_send_mss_netif
 .text.tcp_netif_ip_addr_changed
                0x0000000010003e78       0x9c CMakeFiles/test.dir/home/uzygncr/pico/pico-sdk/lib/lwip/src/core/tcp.c.o
                0x0000000010003e78                tcp_netif_ip_addr_changed
 .text.tcp_free_ooseq
                0x0000000010003f14       0x40 CMakeFiles/test.dir/home/uzygncr/pico/pico-sdk/lib/lwip/src/core/tcp.c.o
                0x0000000010003f14                tcp_free_ooseq
 .text.tcp_create_segment
                0x0000000010003f54       0xf8 CMakeFiles/test.dir/home/uzygncr/pico/pico-sdk/lib/lwip/src/core/tcp_out.c.o
 .text.tcp_output_control_segment
                0x000000001000404c       0xc0 CMakeFiles/test.dir/home/uzygncr/pico/pico-sdk/lib/lwip/src/core/tcp_out.c.o
 .text.tcp_output_alloc_header.constprop.0
                0x000000001000410c       0xcc CMakeFiles/test.dir/home/uzygncr/pico/pico-sdk/lib/lwip/src/core/tcp_out.c.o
 .text.tcp_split_unsent_seg
                0x00000000100041d8      0x1c4 CMakeFiles/test.dir/home/uzygncr/pico/pico-sdk/lib/lwip/src/core/tcp_out.c.o
                0x00000000100041d8                tcp_split_unsent_seg
 .text.tcp_send_fin
                0x000000001000439c      0x12c CMakeFiles/test.dir/home/uzygncr/pico/pico-sdk/lib/lwip/src/core/tcp_out.c.o
                0x000000001000439c                tcp_send_fin
 .text.tcp_rexmit_rto_prepare
                0x00000000100044c8       0x9c CMakeFiles/test.dir/home/uzygncr/pico/pico-sdk/lib/lwip/src/core/tcp_out.c.o
                0x00000000100044c8                tcp_rexmit_rto_prepare
 .text.tcp_rst  0x0000000010004564       0xe8 CMakeFiles/test.dir/home/uzygncr/pico/pico-sdk/lib/lwip/src/core/tcp_out.c.o
                0x0000000010004564                tcp_rst
 .text.tcp_send_empty_ack
                0x000000001000464c       0x54 CMakeFiles/test.dir/home/uzygncr/pico/pico-sdk/lib/lwip/src/core/tcp_out.c.o
                0x000000001000464c                tcp_send_empty_ack
 .text.tcp_output
                0x00000000100046a0      0x46c CMakeFiles/test.dir/home/uzygncr/pico/pico-sdk/lib/lwip/src/core/tcp_out.c.o
                0x00000000100046a0                tcp_output
 .text.tcp_rexmit_rto_commit
                0x0000000010004b0c       0x24 CMakeFiles/test.dir/home/uzygncr/pico/pico-sdk/lib/lwip/src/core/tcp_out.c.o
                0x0000000010004b0c                tcp_rexmit_rto_commit
 .text.tcp_keepalive
                0x0000000010004b30       0xe0 CMakeFiles/test.dir/home/uzygncr/pico/pico-sdk/lib/lwip/src/core/tcp_out.c.o
                0x0000000010004b30                tcp_keepalive
 .text.tcp_zero_window_probe
                0x0000000010004c10      0x108 CMakeFiles/test.dir/home/uzygncr/pico/pico-sdk/lib/lwip/src/core/tcp_out.c.o
                0x0000000010004c10                tcp_zero_window_probe
 .text.sys_timeout_abs
                0x0000000010004d18       0x48 CMakeFiles/test.dir/home/uzygncr/pico/pico-sdk/lib/lwip/src/core/timeouts.c.o
 .text.lwip_cyclic_timer
                0x0000000010004d60       0x38 CMakeFiles/test.dir/home/uzygncr/pico/pico-sdk/lib/lwip/src/core/timeouts.c.o
 .text.sys_timeouts_init
                0x0000000010004d98       0x90 CMakeFiles/test.dir/home/uzygncr/pico/pico-sdk/lib/lwip/src/core/timeouts.c.o
                0x0000000010004d98                sys_timeouts_init
 .text.sys_check_timeouts
                0x0000000010004e28       0x68 CMakeFiles/test.dir/home/uzygncr/pico/pico-sdk/lib/lwip/src/core/timeouts.c.o
                0x0000000010004e28                sys_check_timeouts
 .text.sys_timeouts_sleeptime
                0x0000000010004e90       0x28 CMakeFiles/test.dir/home/uzygncr/pico/pico-sdk/lib/lwip/src/core/timeouts.c.o
                0x0000000010004e90                sys_timeouts_sleeptime
 .text.udp_init
                0x0000000010004eb8       0x20 CMakeFiles/test.dir/home/uzygncr/pico/pico-sdk/lib/lwip/src/core/udp.c.o
                0x0000000010004eb8                udp_init
 .text.udp_bind
                0x0000000010004ed8      0x10c CMakeFiles/test.dir/home/uzygncr/pico/pico-sdk/lib/lwip/src/core/udp.c.o
                0x0000000010004ed8                udp_bind
 .text.udp_sendto_if_src
                0x0000000010004fe4      0x130 CMakeFiles/test.dir/home/uzygncr/pico/pico-sdk/lib/lwip/src/core/udp.c.o
                0x0000000010004fe4                udp_sendto_if_src
 .text.udp_sendto_if
                0x0000000010005114       0x48 CMakeFiles/test.dir/home/uzygncr/pico/pico-sdk/lib/lwip/src/core/udp.c.o
                0x0000000010005114                udp_sendto_if
 .text.udp_sendto
                0x000000001000515c       0x7c CMakeFiles/test.dir/home/uzygncr/pico/pico-sdk/lib/lwip/src/core/udp.c.o
                0x000000001000515c                udp_sendto
 .text.udp_connect
                0x00000000100051d8       0x64 CMakeFiles/test.dir/home/uzygncr/pico/pico-sdk/lib/lwip/src/core/udp.c.o
                0x00000000100051d8                udp_connect
 .text.udp_recv
                0x000000001000523c        0xc CMakeFiles/test.dir/home/uzygncr/pico/pico-sdk/lib/lwip/src/core/udp.c.o
                0x000000001000523c                udp_recv
 .text.udp_remove
                0x0000000010005248       0x3c CMakeFiles/test.dir/home/uzygncr/pico/pico-sdk/lib/lwip/src/core/udp.c.o
                0x0000000010005248                udp_remove
 .text.udp_new  0x0000000010005284       0x1c CMakeFiles/test.dir/home/uzygncr/pico/pico-sdk/lib/lwip/src/core/udp.c.o
                0x0000000010005284                udp_new
 .text.udp_netif_ip_addr_changed
                0x00000000100052a0       0x40 CMakeFiles/test.dir/home/uzygncr/pico/pico-sdk/lib/lwip/src/core/udp.c.o
                0x00000000100052a0                udp_netif_ip_addr_changed
 .text.dhcp_create_msg
                0x00000000100052e0      0x16c CMakeFiles/test.dir/home/uzygncr/pico/pico-sdk/lib/lwip/src/core/ipv4/dhcp.c.o
 .text.dhcp_inc_pcb_refcount
                0x000000001000544c       0x6c CMakeFiles/test.dir/home/uzygncr/pico/pico-sdk/lib/lwip/src/core/ipv4/dhcp.c.o
 .text.dhcp_bind
                0x00000000100054b8      0x11c CMakeFiles/test.dir/home/uzygncr/pico/pico-sdk/lib/lwip/src/core/ipv4/dhcp.c.o
 .text.dhcp_option_hostname.isra.0
                0x00000000100055d4       0x8c CMakeFiles/test.dir/home/uzygncr/pico/pico-sdk/lib/lwip/src/core/ipv4/dhcp.c.o
 .text.dhcp_handle_ack.isra.0
                0x0000000010005660       0xcc CMakeFiles/test.dir/home/uzygncr/pico/pico-sdk/lib/lwip/src/core/ipv4/dhcp.c.o
 .text.dhcp_reboot.isra.0
                0x000000001000572c      0x1e4 CMakeFiles/test.dir/home/uzygncr/pico/pico-sdk/lib/lwip/src/core/ipv4/dhcp.c.o
 .text.dhcp_discover
                0x0000000010005910      0x198 CMakeFiles/test.dir/home/uzygncr/pico/pico-sdk/lib/lwip/src/core/ipv4/dhcp.c.o
 .text.dhcp_select.isra.0
                0x0000000010005aa8      0x268 CMakeFiles/test.dir/home/uzygncr/pico/pico-sdk/lib/lwip/src/core/ipv4/dhcp.c.o
 .text.dhcp_recv
                0x0000000010005d10      0x494 CMakeFiles/test.dir/home/uzygncr/pico/pico-sdk/lib/lwip/src/core/ipv4/dhcp.c.o
 .text.dhcp_network_changed_link_up
                0x00000000100061a4       0x40 CMakeFiles/test.dir/home/uzygncr/pico/pico-sdk/lib/lwip/src/core/ipv4/dhcp.c.o
                0x00000000100061a4                dhcp_network_changed_link_up
 .text.dhcp_renew
                0x00000000100061e4      0x1b8 CMakeFiles/test.dir/home/uzygncr/pico/pico-sdk/lib/lwip/src/core/ipv4/dhcp.c.o
                0x00000000100061e4                dhcp_renew
 .text.dhcp_release_and_stop
                0x000000001000639c      0x180 CMakeFiles/test.dir/home/uzygncr/pico/pico-sdk/lib/lwip/src/core/ipv4/dhcp.c.o
                0x000000001000639c                dhcp_release_and_stop
 .text.dhcp_start
                0x000000001000651c       0xb0 CMakeFiles/test.dir/home/uzygncr/pico/pico-sdk/lib/lwip/src/core/ipv4/dhcp.c.o
                0x000000001000651c                dhcp_start
 .text.dhcp_coarse_tmr
                0x00000000100065cc      0x238 CMakeFiles/test.dir/home/uzygncr/pico/pico-sdk/lib/lwip/src/core/ipv4/dhcp.c.o
                0x00000000100065cc                dhcp_coarse_tmr
 .text.dhcp_fine_tmr
                0x0000000010006804       0x78 CMakeFiles/test.dir/home/uzygncr/pico/pico-sdk/lib/lwip/src/core/ipv4/dhcp.c.o
                0x0000000010006804                dhcp_fine_tmr
 .text.dhcp_stop
                0x000000001000687c      0x180 CMakeFiles/test.dir/home/uzygncr/pico/pico-sdk/lib/lwip/src/core/ipv4/dhcp.c.o
                0x000000001000687c                dhcp_stop
 .text.etharp_raw
                0x00000000100069fc       0xec CMakeFiles/test.dir/home/uzygncr/pico/pico-sdk/lib/lwip/src/core/ipv4/etharp.c.o
 .text.etharp_tmr
                0x0000000010006ae8       0x94 CMakeFiles/test.dir/home/uzygncr/pico/pico-sdk/lib/lwip/src/core/ipv4/etharp.c.o
                0x0000000010006ae8                etharp_tmr
 .text.etharp_cleanup_netif
                0x0000000010006b7c      0x188 CMakeFiles/test.dir/home/uzygncr/pico/pico-sdk/lib/lwip/src/core/ipv4/etharp.c.o
                0x0000000010006b7c                etharp_cleanup_netif
 .text.etharp_request
                0x0000000010006d04       0x2c CMakeFiles/test.dir/home/uzygncr/pico/pico-sdk/lib/lwip/src/core/ipv4/etharp.c.o
                0x0000000010006d04                etharp_request
 .text.icmp_time_exceeded
                0x0000000010006d30       0xd0 CMakeFiles/test.dir/home/uzygncr/pico/pico-sdk/lib/lwip/src/core/ipv4/icmp.c.o
                0x0000000010006d30                icmp_time_exceeded
 .text.ip_reass_free_complete_datagram
                0x0000000010006e00      0x114 CMakeFiles/test.dir/home/uzygncr/pico/pico-sdk/lib/lwip/src/core/ipv4/ip4_frag.c.o
 .text.ip_reass_tmr
                0x0000000010006f14       0x38 CMakeFiles/test.dir/home/uzygncr/pico/pico-sdk/lib/lwip/src/core/ipv4/ip4_frag.c.o
                0x0000000010006f14                ip_reass_tmr
 .text.ip4_frag
                0x0000000010006f4c      0x17c CMakeFiles/test.dir/home/uzygncr/pico/pico-sdk/lib/lwip/src/core/ipv4/ip4_frag.c.o
                0x0000000010006f4c                ip4_frag
 .text.ip4_route
                0x00000000100070c8       0x7c CMakeFiles/test.dir/home/uzygncr/pico/pico-sdk/lib/lwip/src/core/ipv4/ip4.c.o
                0x00000000100070c8                ip4_route
 .text.ip4_output_if
                0x0000000010007144      0x190 CMakeFiles/test.dir/home/uzygncr/pico/pico-sdk/lib/lwip/src/core/ipv4/ip4.c.o
                0x0000000010007144                ip4_output_if
 .text.ip4_output_if_src
                0x00000000100072d4      0x17c CMakeFiles/test.dir/home/uzygncr/pico/pico-sdk/lib/lwip/src/core/ipv4/ip4.c.o
                0x00000000100072d4                ip4_output_if_src
 .text.ethernet_output
                0x0000000010007450       0x6c CMakeFiles/test.dir/home/uzygncr/pico/pico-sdk/lib/lwip/src/netif/ethernet.c.o
                0x0000000010007450                ethernet_output
 .text.cyw43_arch_set_async_context
                0x00000000100074bc        0xc CMakeFiles/test.dir/home/uzygncr/pico/pico-sdk/src/rp2_common/pico_cyw43_arch/cyw43_arch.c.o
                0x00000000100074bc                cyw43_arch_set_async_context
 .text.cyw43_arch_gpio_put
                0x00000000100074c8       0x14 CMakeFiles/test.dir/home/uzygncr/pico/pico-sdk/src/rp2_common/pico_cyw43_arch/cyw43_arch.c.o
                0x00000000100074c8                cyw43_arch_gpio_put
 .text.cyw43_arch_async_context
                0x00000000100074dc        0xc CMakeFiles/test.dir/home/uzygncr/pico/pico-sdk/src/rp2_common/pico_cyw43_arch/cyw43_arch.c.o
                0x00000000100074dc                cyw43_arch_async_context
 .text.cyw43_arch_init
                0x00000000100074e8       0x80 CMakeFiles/test.dir/home/uzygncr/pico/pico-sdk/src/rp2_common/pico_cyw43_arch/cyw43_arch_threadsafe_background.c.o
                0x00000000100074e8                cyw43_arch_init
 .text.ns_delay.constprop.0
                0x0000000010007568       0x20 CMakeFiles/test.dir/home/uzygncr/pico/pico-sdk/src/rp2_common/pico_cyw43_driver/cyw43_bus_pio_spi.c.o
 .text.cyw43_spi_deinit
                0x0000000010007588       0x6c CMakeFiles/test.dir/home/uzygncr/pico/pico-sdk/src/rp2_common/pico_cyw43_driver/cyw43_bus_pio_spi.c.o
                0x0000000010007588                cyw43_spi_deinit
 .text.cyw43_spi_init
                0x00000000100075f4      0x12c CMakeFiles/test.dir/home/uzygncr/pico/pico-sdk/src/rp2_common/pico_cyw43_driver/cyw43_bus_pio_spi.c.o
                0x00000000100075f4                cyw43_spi_init
 .text.cyw43_spi_transfer
                0x0000000010007720      0x3f8 CMakeFiles/test.dir/home/uzygncr/pico/pico-sdk/src/rp2_common/pico_cyw43_driver/cyw43_bus_pio_spi.c.o
                0x0000000010007720                cyw43_spi_transfer
 .text.cyw43_spi_gpio_setup
                0x0000000010007b18       0x3c CMakeFiles/test.dir/home/uzygncr/pico/pico-sdk/src/rp2_common/pico_cyw43_driver/cyw43_bus_pio_spi.c.o
                0x0000000010007b18                cyw43_spi_gpio_setup
 .text.cyw43_spi_reset
                0x0000000010007b54       0x28 CMakeFiles/test.dir/home/uzygncr/pico/pico-sdk/src/rp2_common/pico_cyw43_driver/cyw43_bus_pio_spi.c.o
                0x0000000010007b54                cyw43_spi_reset
 .text.read_reg_u32_swap
                0x0000000010007b7c       0x3c CMakeFiles/test.dir/home/uzygncr/pico/pico-sdk/src/rp2_common/pico_cyw43_driver/cyw43_bus_pio_spi.c.o
                0x0000000010007b7c                read_reg_u32_swap
 .text.cyw43_read_reg_u32
                0x0000000010007bb8       0x6c CMakeFiles/test.dir/home/uzygncr/pico/pico-sdk/src/rp2_common/pico_cyw43_driver/cyw43_bus_pio_spi.c.o
                0x0000000010007bb8                cyw43_read_reg_u32
 .text.cyw43_read_reg_u16
                0x0000000010007c24       0x6c CMakeFiles/test.dir/home/uzygncr/pico/pico-sdk/src/rp2_common/pico_cyw43_driver/cyw43_bus_pio_spi.c.o
                0x0000000010007c24                cyw43_read_reg_u16
 .text.cyw43_read_reg_u8
                0x0000000010007c90       0x6c CMakeFiles/test.dir/home/uzygncr/pico/pico-sdk/src/rp2_common/pico_cyw43_driver/cyw43_bus_pio_spi.c.o
                0x0000000010007c90                cyw43_read_reg_u8
 .text.write_reg_u32_swap
                0x0000000010007cfc      0x1f0 CMakeFiles/test.dir/home/uzygncr/pico/pico-sdk/src/rp2_common/pico_cyw43_driver/cyw43_bus_pio_spi.c.o
                0x0000000010007cfc                write_reg_u32_swap
 .text.cyw43_write_reg_u32
                0x0000000010007eec      0x210 CMakeFiles/test.dir/home/uzygncr/pico/pico-sdk/src/rp2_common/pico_cyw43_driver/cyw43_bus_pio_spi.c.o
                0x0000000010007eec                cyw43_write_reg_u32
 .text.cyw43_write_reg_u16
                0x00000000100080fc      0x210 CMakeFiles/test.dir/home/uzygncr/pico/pico-sdk/src/rp2_common/pico_cyw43_driver/cyw43_bus_pio_spi.c.o
                0x00000000100080fc                cyw43_write_reg_u16
 .text.cyw43_write_reg_u8
                0x000000001000830c      0x210 CMakeFiles/test.dir/home/uzygncr/pico/pico-sdk/src/rp2_common/pico_cyw43_driver/cyw43_bus_pio_spi.c.o
                0x000000001000830c                cyw43_write_reg_u8
 .text.cyw43_read_bytes
                0x000000001000851c       0x78 CMakeFiles/test.dir/home/uzygncr/pico/pico-sdk/src/rp2_common/pico_cyw43_driver/cyw43_bus_pio_spi.c.o
                0x000000001000851c                cyw43_read_bytes
 .text.cyw43_write_bytes
                0x0000000010008594       0xec CMakeFiles/test.dir/home/uzygncr/pico/pico-sdk/src/rp2_common/pico_cyw43_driver/cyw43_bus_pio_spi.c.o
                0x0000000010008594                cyw43_write_bytes
 .text.cyw43_set_backplane_window
                0x0000000010008680       0x64 CMakeFiles/test.dir/home/uzygncr/pico/pico-sdk/lib/cyw43-driver/src/cyw43_ll.c.o
 .text.cyw43_ll_parse_async_event
                0x00000000100086e4      0x13c CMakeFiles/test.dir/home/uzygncr/pico/pico-sdk/lib/cyw43-driver/src/cyw43_ll.c.o
 .text.cyw43_kso_set
                0x0000000010008820       0xa0 CMakeFiles/test.dir/home/uzygncr/pico/pico-sdk/lib/cyw43-driver/src/cyw43_ll.c.o
 .text.cyw43_ll_sdpcm_poll_device
                0x00000000100088c0      0x238 CMakeFiles/test.dir/home/uzygncr/pico/pico-sdk/lib/cyw43-driver/src/cyw43_ll.c.o
 .text.cyw43_sdpcm_send_common
                0x0000000010008af8       0xf8 CMakeFiles/test.dir/home/uzygncr/pico/pico-sdk/lib/cyw43-driver/src/cyw43_ll.c.o
 .text.cyw43_do_ioctl.part.0
                0x0000000010008bf0       0xc4 CMakeFiles/test.dir/home/uzygncr/pico/pico-sdk/lib/cyw43-driver/src/cyw43_ll.c.o
 .text.cyw43_download_resource
                0x0000000010008cb4       0xd0 CMakeFiles/test.dir/home/uzygncr/pico/pico-sdk/lib/cyw43-driver/src/cyw43_ll.c.o
 .text.cyw43_write_iovar_n
                0x0000000010008d84       0x8c CMakeFiles/test.dir/home/uzygncr/pico/pico-sdk/lib/cyw43-driver/src/cyw43_ll.c.o
 .text.cyw43_write_iovar_u32
                0x0000000010008e10       0xa4 CMakeFiles/test.dir/home/uzygncr/pico/pico-sdk/lib/cyw43-driver/src/cyw43_ll.c.o
 .text.cyw43_read_backplane.constprop.0
                0x0000000010008eb4       0xdc CMakeFiles/test.dir/home/uzygncr/pico/pico-sdk/lib/cyw43-driver/src/cyw43_ll.c.o
 .text.cyw43_write_backplane
                0x0000000010008f90      0x104 CMakeFiles/test.dir/home/uzygncr/pico/pico-sdk/lib/cyw43-driver/src/cyw43_ll.c.o
 .text.reset_device_core.constprop.0
                0x0000000010009094      0x3f0 CMakeFiles/test.dir/home/uzygncr/pico/pico-sdk/lib/cyw43-driver/src/cyw43_ll.c.o
 .text.cyw43_ll_init
                0x0000000010009484       0x1c CMakeFiles/test.dir/home/uzygncr/pico/pico-sdk/lib/cyw43-driver/src/cyw43_ll.c.o
                0x0000000010009484                cyw43_ll_init
 .text.cyw43_ll_deinit
                0x00000000100094a0        0x8 CMakeFiles/test.dir/home/uzygncr/pico/pico-sdk/lib/cyw43-driver/src/cyw43_ll.c.o
                0x00000000100094a0                cyw43_ll_deinit
 .text.cyw43_ll_process_packets
                0x00000000100094a8       0x54 CMakeFiles/test.dir/home/uzygncr/pico/pico-sdk/lib/cyw43-driver/src/cyw43_ll.c.o
                0x00000000100094a8                cyw43_ll_process_packets
 .text.cyw43_ll_ioctl
                0x00000000100094fc       0x80 CMakeFiles/test.dir/home/uzygncr/pico/pico-sdk/lib/cyw43-driver/src/cyw43_ll.c.o
                0x00000000100094fc                cyw43_ll_ioctl
 .text.cyw43_ll_bus_sleep
                0x000000001000957c       0x34 CMakeFiles/test.dir/home/uzygncr/pico/pico-sdk/lib/cyw43-driver/src/cyw43_ll.c.o
                0x000000001000957c                cyw43_ll_bus_sleep
 .text.cyw43_ll_wifi_get_mac
                0x00000000100095b0       0x74 CMakeFiles/test.dir/home/uzygncr/pico/pico-sdk/lib/cyw43-driver/src/cyw43_ll.c.o
                0x00000000100095b0                cyw43_ll_wifi_get_mac
 .text.cyw43_ll_bus_init
                0x0000000010009624      0x90c CMakeFiles/test.dir/home/uzygncr/pico/pico-sdk/lib/cyw43-driver/src/cyw43_ll.c.o
                0x0000000010009624                cyw43_ll_bus_init
 .text.cyw43_ll_wifi_set_wpa_auth
                0x0000000010009f30       0x4c CMakeFiles/test.dir/home/uzygncr/pico/pico-sdk/lib/cyw43-driver/src/cyw43_ll.c.o
                0x0000000010009f30                cyw43_ll_wifi_set_wpa_auth
 .text.cyw43_ll_wifi_rejoin
                0x0000000010009f7c       0x58 CMakeFiles/test.dir/home/uzygncr/pico/pico-sdk/lib/cyw43-driver/src/cyw43_ll.c.o
                0x0000000010009f7c                cyw43_ll_wifi_rejoin
 .text.cyw43_ll_gpio_set
                0x0000000010009fd4       0x9c CMakeFiles/test.dir/home/uzygncr/pico/pico-sdk/lib/cyw43-driver/src/cyw43_ll.c.o
                0x0000000010009fd4                cyw43_ll_gpio_set
 .text.cyw43_ll_has_work
                0x000000001000a070       0x14 CMakeFiles/test.dir/home/uzygncr/pico/pico-sdk/lib/cyw43-driver/src/cyw43_ll.c.o
                0x000000001000a070                cyw43_ll_has_work
 .text.cyw43_cb_tcpip_deinit
                0x000000001000a084       0x4c CMakeFiles/test.dir/home/uzygncr/pico/pico-sdk/lib/cyw43-driver/src/cyw43_lwip.c.o
                0x000000001000a084                cyw43_cb_tcpip_deinit
 .text.cyw43_cb_process_ethernet
                0x000000001000a0d0       0x68 CMakeFiles/test.dir/home/uzygncr/pico/pico-sdk/lib/cyw43-driver/src/cyw43_lwip.c.o
                0x000000001000a0d0                cyw43_cb_process_ethernet
 .text.cyw43_cb_tcpip_set_link_up
                0x000000001000a138       0x18 CMakeFiles/test.dir/home/uzygncr/pico/pico-sdk/lib/cyw43-driver/src/cyw43_lwip.c.o
                0x000000001000a138                cyw43_cb_tcpip_set_link_up
 .text.cyw43_cb_tcpip_set_link_down
                0x000000001000a150       0x18 CMakeFiles/test.dir/home/uzygncr/pico/pico-sdk/lib/cyw43-driver/src/cyw43_lwip.c.o
                0x000000001000a150                cyw43_cb_tcpip_set_link_down
 .text.cyw43_poll_func
                0x000000001000a168       0xc0 CMakeFiles/test.dir/home/uzygncr/pico/pico-sdk/lib/cyw43-driver/src/cyw43_ctrl.c.o
 .text.cyw43_init
                0x000000001000a228       0x6c CMakeFiles/test.dir/home/uzygncr/pico/pico-sdk/lib/cyw43-driver/src/cyw43_ctrl.c.o
                0x000000001000a228                cyw43_init
 .text.cyw43_deinit
                0x000000001000a294       0x90 CMakeFiles/test.dir/home/uzygncr/pico/pico-sdk/lib/cyw43-driver/src/cyw43_ctrl.c.o
                0x000000001000a294                cyw43_deinit
 .text.cyw43_cb_read_host_interrupt_pin
                0x000000001000a324        0xc CMakeFiles/test.dir/home/uzygncr/pico/pico-sdk/lib/cyw43-driver/src/cyw43_ctrl.c.o
                0x000000001000a324                cyw43_cb_read_host_interrupt_pin
 .text.cyw43_cb_ensure_awake
                0x000000001000a330        0xc CMakeFiles/test.dir/home/uzygncr/pico/pico-sdk/lib/cyw43-driver/src/cyw43_ctrl.c.o
                0x000000001000a330                cyw43_cb_ensure_awake
 .text.cyw43_cb_process_async_event
                0x000000001000a33c      0x228 CMakeFiles/test.dir/home/uzygncr/pico/pico-sdk/lib/cyw43-driver/src/cyw43_ctrl.c.o
                0x000000001000a33c                cyw43_cb_process_async_event
 .text.cyw43_gpio_set
                0x000000001000a564       0xa0 CMakeFiles/test.dir/home/uzygncr/pico/pico-sdk/lib/cyw43-driver/src/cyw43_ctrl.c.o
                0x000000001000a564                cyw43_gpio_set
 .text.pio_sm_set_pindirs_with_mask64
                0x000000001000a604       0xa4 CMakeFiles/test.dir/home/uzygncr/pico/pico-sdk/src/rp2_common/hardware_pio/pio.c.o
                0x000000001000a604                pio_sm_set_pindirs_with_mask64
 .text.pio_sm_set_consecutive_pindirs
                0x000000001000a6a8       0xbc CMakeFiles/test.dir/home/uzygncr/pico/pico-sdk/src/rp2_common/hardware_pio/pio.c.o
                0x000000001000a6a8                pio_sm_set_consecutive_pindirs
 .text.pio_claim_free_sm_and_add_program_for_gpio_range
                0x000000001000a764      0x190 CMakeFiles/test.dir/home/uzygncr/pico/pico-sdk/src/rp2_common/hardware_pio/pio.c.o
                0x000000001000a764                pio_claim_free_sm_and_add_program_for_gpio_range
 .text.pio_remove_program_and_unclaim_sm
                0x000000001000a8f4       0x40 CMakeFiles/test.dir/home/uzygncr/pico/pico-sdk/src/rp2_common/hardware_pio/pio.c.o
                0x000000001000a8f4                pio_remove_program_and_unclaim_sm
 .text.dma_channel_unclaim
                0x000000001000a934       0x10 CMakeFiles/test.dir/home/uzygncr/pico/pico-sdk/src/rp2_common/hardware_dma/dma.c.o
                0x000000001000a934                dma_channel_unclaim
 .text.dma_claim_unused_channel
                0x000000001000a944       0x20 CMakeFiles/test.dir/home/uzygncr/pico/pico-sdk/src/rp2_common/hardware_dma/dma.c.o
                0x000000001000a944                dma_claim_unused_channel
 .text.dma_channel_cleanup
                0x000000001000a964       0x64 CMakeFiles/test.dir/home/uzygncr/pico/pico-sdk/src/rp2_common/hardware_dma/dma.c.o
                0x000000001000a964                dma_channel_cleanup
 .text.cyw43_sleep_timeout_reached
                0x000000001000a9c8       0x10 CMakeFiles/test.dir/home/uzygncr/pico/pico-sdk/src/rp2_common/pico_cyw43_driver/cyw43_driver.c.o
 .text.cyw43_irq_init
                0x000000001000a9d8       0x28 CMakeFiles/test.dir/home/uzygncr/pico/pico-sdk/src/rp2_common/pico_cyw43_driver/cyw43_driver.c.o
                0x000000001000a9d8                cyw43_irq_init
 .text.cyw43_irq_deinit
                0x000000001000aa00       0x20 CMakeFiles/test.dir/home/uzygncr/pico/pico-sdk/src/rp2_common/pico_cyw43_driver/cyw43_driver.c.o
                0x000000001000aa00                cyw43_irq_deinit
 .text.cyw43_gpio_irq_handler
                0x000000001000aa20       0x44 CMakeFiles/test.dir/home/uzygncr/pico/pico-sdk/src/rp2_common/pico_cyw43_driver/cyw43_driver.c.o
 .text.cyw43_do_poll
                0x000000001000aa64       0x6c CMakeFiles/test.dir/home/uzygncr/pico/pico-sdk/src/rp2_common/pico_cyw43_driver/cyw43_driver.c.o
 .text.cyw43_post_poll_hook
                0x000000001000aad0       0x10 CMakeFiles/test.dir/home/uzygncr/pico/pico-sdk/src/rp2_common/pico_cyw43_driver/cyw43_driver.c.o
                0x000000001000aad0                cyw43_post_poll_hook
 .text.cyw43_schedule_internal_poll_dispatch
                0x000000001000aae0       0x18 CMakeFiles/test.dir/home/uzygncr/pico/pico-sdk/src/rp2_common/pico_cyw43_driver/cyw43_driver.c.o
                0x000000001000aae0                cyw43_schedule_internal_poll_dispatch
 .text.cyw43_driver_init
                0x000000001000aaf8       0x38 CMakeFiles/test.dir/home/uzygncr/pico/pico-sdk/src/rp2_common/pico_cyw43_driver/cyw43_driver.c.o
                0x000000001000aaf8                cyw43_driver_init
 .text.cyw43_driver_deinit
                0x000000001000ab30       0x44 CMakeFiles/test.dir/home/uzygncr/pico/pico-sdk/src/rp2_common/pico_cyw43_driver/cyw43_driver.c.o
                0x000000001000ab30                cyw43_driver_deinit
 .text.cyw43_hal_generate_laa_mac
                0x000000001000ab74       0x28 CMakeFiles/test.dir/home/uzygncr/pico/pico-sdk/src/rp2_common/pico_cyw43_driver/cyw43_driver.c.o
                0x000000001000ab74                cyw43_hal_generate_laa_mac
 .text.cyw43_thread_enter
                0x000000001000ab9c       0x14 CMakeFiles/test.dir/home/uzygncr/pico/pico-sdk/src/rp2_common/pico_cyw43_driver/cyw43_driver.c.o
                0x000000001000ab9c                cyw43_thread_enter
 .text.cyw43_thread_exit
                0x000000001000abb0       0x14 CMakeFiles/test.dir/home/uzygncr/pico/pico-sdk/src/rp2_common/pico_cyw43_driver/cyw43_driver.c.o
                0x000000001000abb0                cyw43_thread_exit
 .text.cyw43_await_background_or_timeout_us
                0x000000001000abc4       0x60 CMakeFiles/test.dir/home/uzygncr/pico/pico-sdk/src/rp2_common/pico_cyw43_driver/cyw43_driver.c.o
                0x000000001000abc4                cyw43_await_background_or_timeout_us
 .text.cyw43_delay_ms
                0x000000001000ac24       0x44 CMakeFiles/test.dir/home/uzygncr/pico/pico-sdk/src/rp2_common/pico_cyw43_driver/cyw43_driver.c.o
                0x000000001000ac24                cyw43_delay_ms
 .text.async_context_threadsafe_background_acquire_lock_blocking
                0x000000001000ac68        0xc CMakeFiles/test.dir/home/uzygncr/pico/pico-sdk/src/rp2_common/pico_async_context/async_context_threadsafe_background.c.o
 .text.alarm_handler
                0x000000001000ac74       0x20 CMakeFiles/test.dir/home/uzygncr/pico/pico-sdk/src/rp2_common/pico_async_context/async_context_threadsafe_background.c.o
 .text.async_context_threadsafe_background_set_work_pending
                0x000000001000ac94       0x1c CMakeFiles/test.dir/home/uzygncr/pico/pico-sdk/src/rp2_common/pico_async_context/async_context_threadsafe_background.c.o
 .text.process_under_lock
                0x000000001000acb0       0xc8 CMakeFiles/test.dir/home/uzygncr/pico/pico-sdk/src/rp2_common/pico_async_context/async_context_threadsafe_background.c.o
 .text.async_context_threadsafe_background_execute_sync
                0x000000001000ad78       0x30 CMakeFiles/test.dir/home/uzygncr/pico/pico-sdk/src/rp2_common/pico_async_context/async_context_threadsafe_background.c.o
                0x000000001000ad78                async_context_threadsafe_background_execute_sync
 .text.async_context_threadsafe_background_deinit
                0x000000001000ada8       0x54 CMakeFiles/test.dir/home/uzygncr/pico/pico-sdk/src/rp2_common/pico_async_context/async_context_threadsafe_background.c.o
 .text.low_priority_irq_handler
                0x000000001000adfc       0x3c CMakeFiles/test.dir/home/uzygncr/pico/pico-sdk/src/rp2_common/pico_async_context/async_context_threadsafe_background.c.o
 .text.async_context_threadsafe_background_wait_for_work_until
                0x000000001000ae38        0xc CMakeFiles/test.dir/home/uzygncr/pico/pico-sdk/src/rp2_common/pico_async_context/async_context_threadsafe_background.c.o
 .text.async_context_threadsafe_background_wait_until
                0x000000001000ae44       0x1c CMakeFiles/test.dir/home/uzygncr/pico/pico-sdk/src/rp2_common/pico_async_context/async_context_threadsafe_background.c.o
 .text.async_context_threadsafe_background_lock_check
                0x000000001000ae60       0x28 CMakeFiles/test.dir/home/uzygncr/pico/pico-sdk/src/rp2_common/pico_async_context/async_context_threadsafe_background.c.o
 .text.async_context_threadsafe_background_release_lock
                0x000000001000ae88       0x1c CMakeFiles/test.dir/home/uzygncr/pico/pico-sdk/src/rp2_common/pico_async_context/async_context_threadsafe_background.c.o
 .text.async_context_threadsafe_background_when_pending_worker
                0x000000001000aea4       0x34 CMakeFiles/test.dir/home/uzygncr/pico/pico-sdk/src/rp2_common/pico_async_context/async_context_threadsafe_background.c.o
 .text.async_context_threadsafe_background_remove_at_time_worker
                0x000000001000aed8       0x34 CMakeFiles/test.dir/home/uzygncr/pico/pico-sdk/src/rp2_common/pico_async_context/async_context_threadsafe_background.c.o
 .text.async_context_threadsafe_background_add_when_pending_worker
                0x000000001000af0c       0x34 CMakeFiles/test.dir/home/uzygncr/pico/pico-sdk/src/rp2_common/pico_async_context/async_context_threadsafe_background.c.o
 .text.async_context_threadsafe_background_add_at_time_worker
                0x000000001000af40       0x34 CMakeFiles/test.dir/home/uzygncr/pico/pico-sdk/src/rp2_common/pico_async_context/async_context_threadsafe_background.c.o
 .text.async_context_threadsafe_background_default_config
                0x000000001000af74        0xc CMakeFiles/test.dir/home/uzygncr/pico/pico-sdk/src/rp2_common/pico_async_context/async_context_threadsafe_background.c.o
                0x000000001000af74                async_context_threadsafe_background_default_config
 .text.async_context_threadsafe_background_init
                0x000000001000af80       0x8c CMakeFiles/test.dir/home/uzygncr/pico/pico-sdk/src/rp2_common/pico_async_context/async_context_threadsafe_background.c.o
                0x000000001000af80                async_context_threadsafe_background_init
 .text.uart_init
                0x000000001000b00c      0x11c CMakeFiles/test.dir/home/uzygncr/pico/pico-sdk/src/rp2_common/hardware_uart/uart.c.o
                0x000000001000b00c                uart_init
 .text.first_per_core_initializer
                0x000000001000b128        0x4 CMakeFiles/test.dir/home/uzygncr/pico/pico-sdk/src/rp2_common/pico_runtime/runtime.c.o
 .text.hard_assertion_failure
                0x000000001000b12c        0xc CMakeFiles/test.dir/home/uzygncr/pico/pico-sdk/src/rp2_common/pico_runtime/runtime.c.o
                0x000000001000b12c                hard_assertion_failure
 .text.runtime_run_initializers
                0x000000001000b138       0x28 CMakeFiles/test.dir/home/uzygncr/pico/pico-sdk/src/rp2_common/pico_runtime/runtime.c.o
                0x000000001000b138                runtime_run_initializers
 .text.runtime_init_early_resets
                0x000000001000b160       0x2c CMakeFiles/test.dir/home/uzygncr/pico/pico-sdk/src/rp2_common/pico_runtime_init/runtime_init.c.o
                0x000000001000b160                runtime_init_early_resets
 .text.runtime_init_usb_power_down
                0x000000001000b18c       0x1c CMakeFiles/test.dir/home/uzygncr/pico/pico-sdk/src/rp2_common/pico_runtime_init/runtime_init.c.o
                0x000000001000b18c                runtime_init_usb_power_down
 .text.runtime_init_post_clock_resets
                0x000000001000b1a8       0x20 CMakeFiles/test.dir/home/uzygncr/pico/pico-sdk/src/rp2_common/pico_runtime_init/runtime_init.c.o
                0x000000001000b1a8                runtime_init_post_clock_resets
 .text.runtime_init_rp2040_gpio_ie_disable
                0x000000001000b1c8       0x14 CMakeFiles/test.dir/home/uzygncr/pico/pico-sdk/src/rp2_common/pico_runtime_init/runtime_init.c.o
                0x000000001000b1c8                runtime_init_rp2040_gpio_ie_disable
 .text.runtime_init_spin_locks_reset
                0x000000001000b1dc        0x8 CMakeFiles/test.dir/home/uzygncr/pico/pico-sdk/src/rp2_common/pico_runtime_init/runtime_init.c.o
                0x000000001000b1dc                runtime_init_spin_locks_reset
 .text.runtime_init_install_ram_vector_table
                0x000000001000b1e4       0x1c CMakeFiles/test.dir/home/uzygncr/pico/pico-sdk/src/rp2_common/pico_runtime_init/runtime_init.c.o
                0x000000001000b1e4                runtime_init_install_ram_vector_table
 .text.runtime_init_clocks
                0x000000001000b200       0xd8 CMakeFiles/test.dir/home/uzygncr/pico/pico-sdk/src/rp2_common/pico_runtime_init/runtime_init_clocks.c.o
                0x000000001000b200                runtime_init_clocks
 .text          0x000000001000b2d8       0x10 CMakeFiles/test.dir/home/uzygncr/pico/pico-sdk/src/rp2_common/pico_bit_ops/bit_ops_aeabi.S.o
 .text.ctzsi    0x000000001000b2e8        0xc CMakeFiles/test.dir/home/uzygncr/pico/pico-sdk/src/rp2_common/pico_bit_ops/bit_ops_aeabi.S.o
                0x000000001000b2e8                __wrap___ctzsi2
 .text.__wrap___aeabi_idiv
                0x000000001000b2f4       0x50 CMakeFiles/test.dir/home/uzygncr/pico/pico-sdk/src/rp2_common/pico_divider/divider_hardware.S.o
                0x000000001000b2f4                __wrap___aeabi_idivmod
                0x000000001000b2f4                divmod_s32s32
                0x000000001000b2f4                div_s32s32
                0x000000001000b2f4                __wrap___aeabi_idiv
                0x000000001000b2fc                divmod_s32s32_unsafe
                0x000000001000b328                divmod_s32s32_savestate
 .text.__wrap___aeabi_uidiv
                0x000000001000b344       0x4c CMakeFiles/test.dir/home/uzygncr/pico/pico-sdk/src/rp2_common/pico_divider/divider_hardware.S.o
                0x000000001000b344                __wrap___aeabi_uidiv
                0x000000001000b344                __wrap___aeabi_uidivmod
                0x000000001000b344                div_u32u32
                0x000000001000b344                divmod_u32u32
                0x000000001000b34c                divmod_u32u32_unsafe
                0x000000001000b374                divmod_u32u32_savestate
 .text.__wrap___aeabi_ldiv
                0x000000001000b390      0x424 CMakeFiles/test.dir/home/uzygncr/pico/pico-sdk/src/rp2_common/pico_divider/divider_hardware.S.o
                0x000000001000b390                div_s64s64
                0x000000001000b390                divmod_s64s64
                0x000000001000b390                __wrap___aeabi_ldivmod
                0x000000001000b3c0                div_u64u64
                0x000000001000b3c0                divmod_u64u64
                0x000000001000b3c0                __wrap___aeabi_uldivmod
                0x000000001000b3d0                divmod_u64u64_savestate
                0x000000001000b3f0                divmod_s64s64_unsafe
                0x000000001000b478                divmod_u64u64_unsafe
 .text.__wrap___aeabi_darithmetic
                0x000000001000b7b4       0x60 CMakeFiles/test.dir/home/uzygncr/pico/pico-sdk/src/rp2_common/pico_double/double_aeabi_rp2040.S.o
                0x000000001000b7b4                __wrap___aeabi_drsub
                0x000000001000b7ba                __wrap___aeabi_dsub
                0x000000001000b7c4                __wrap___aeabi_dadd
                0x000000001000b7ce                __wrap___aeabi_ddiv
                0x000000001000b802                __wrap___aeabi_dmul
 .text.__wrap___aeabi_cdcmple
                0x000000001000b814       0x6c CMakeFiles/test.dir/home/uzygncr/pico/pico-sdk/src/rp2_common/pico_double/double_aeabi_rp2040.S.o
                0x000000001000b814                __wrap___aeabi_cdrcmple
                0x000000001000b824                __wrap___aeabi_cdcmple
                0x000000001000b824                __wrap___aeabi_cdcmpeq
 .text.__wrap___aeabi_dcmplt
                0x000000001000b880        0xc CMakeFiles/test.dir/home/uzygncr/pico/pico-sdk/src/rp2_common/pico_double/double_aeabi_rp2040.S.o
                0x000000001000b880                __wrap___aeabi_dcmplt
 .text.__wrap___aeabi_dcmple
                0x000000001000b88c       0x10 CMakeFiles/test.dir/home/uzygncr/pico/pico-sdk/src/rp2_common/pico_double/double_aeabi_rp2040.S.o
                0x000000001000b88c                __wrap___aeabi_dcmple
 .text.__wrap___aeabi_dcmpge
                0x000000001000b89c       0x10 CMakeFiles/test.dir/home/uzygncr/pico/pico-sdk/src/rp2_common/pico_double/double_aeabi_rp2040.S.o
                0x000000001000b89c                __wrap___aeabi_dcmpge
 .text.__wrap___aeabi_dcmpgt
                0x000000001000b8ac        0xa CMakeFiles/test.dir/home/uzygncr/pico/pico-sdk/src/rp2_common/pico_double/double_aeabi_rp2040.S.o
                0x000000001000b8ac                __wrap___aeabi_dcmpgt
 .text.__wrap___aeabi_dcmpun
                0x000000001000b8b6       0x18 CMakeFiles/test.dir/home/uzygncr/pico/pico-sdk/src/rp2_common/pico_double/double_aeabi_rp2040.S.o
                0x000000001000b8b6                __wrap___aeabi_dcmpun
 *fill*         0x000000001000b8ce        0x2 
 .text.__wrap___aeabi_i2d
                0x000000001000b8d0       0x38 CMakeFiles/test.dir/home/uzygncr/pico/pico-sdk/src/rp2_common/pico_double/double_aeabi_rp2040.S.o
                0x000000001000b8d0                __wrap___aeabi_ui2d
                0x000000001000b8d8                __wrap___aeabi_i2d
 .text.__wrap___aeabi_d2iz
                0x000000001000b908       0x48 CMakeFiles/test.dir/home/uzygncr/pico/pico-sdk/src/rp2_common/pico_double/double_aeabi_rp2040.S.o
                0x000000001000b908                __wrap___aeabi_d2iz
                0x000000001000b908                double2int_z
 .text.__wrap___aeabi_d2uiz
                0x000000001000b950       0x10 CMakeFiles/test.dir/home/uzygncr/pico/pico-sdk/src/rp2_common/pico_double/double_aeabi_rp2040.S.o
                0x000000001000b950                double2uint
                0x000000001000b950                __wrap___aeabi_d2uiz
 .text.missing_double_func_shim
                0x000000001000b960        0xc CMakeFiles/test.dir/home/uzygncr/pico/pico-sdk/src/rp2_common/pico_double/double_init_rom_rp2040.c.o
 .text.__aeabi_double_init
                0x000000001000b96c       0xa4 CMakeFiles/test.dir/home/uzygncr/pico/pico-sdk/src/rp2_common/pico_double/double_init_rom_rp2040.c.o
                0x000000001000b96c                __aeabi_double_init
 .text.double_table_shim_on_use_helper
                0x000000001000ba10       0x2c CMakeFiles/test.dir/home/uzygncr/pico/pico-sdk/src/rp2_common/pico_double/double_v1_rom_shim_rp2040.S.o
                0x000000001000ba10                double_table_shim_on_use_helper
 .text.__aeabi_lmul
                0x000000001000ba3c       0x32 CMakeFiles/test.dir/home/uzygncr/pico/pico-sdk/src/rp2_common/pico_int64_ops/pico_int64_ops_aeabi.S.o
                0x000000001000ba3c                __wrap___aeabi_lmul
 *fill*         0x000000001000ba6e        0x2 
 .text.missing_float_func_shim
                0x000000001000ba70        0xc CMakeFiles/test.dir/home/uzygncr/pico/pico-sdk/src/rp2_common/pico_float/float_init_rom_rp2040.c.o
 .text.__aeabi_float_init
                0x000000001000ba7c       0x5c CMakeFiles/test.dir/home/uzygncr/pico/pico-sdk/src/rp2_common/pico_float/float_init_rom_rp2040.c.o
                0x000000001000ba7c                __aeabi_float_init
 .text          0x000000001000bad8       0x10 CMakeFiles/test.dir/home/uzygncr/pico/pico-sdk/src/rp2_common/pico_mem_ops/mem_ops_aeabi.S.o
                0x000000001000bad8                __aeabi_mem_init
 .text.memset   0x000000001000bae8        0xc CMakeFiles/test.dir/home/uzygncr/pico/pico-sdk/src/rp2_common/pico_mem_ops/mem_ops_aeabi.S.o
                0x000000001000bae8                __wrap_memset
 .text.memcpy   0x000000001000baf4        0xc CMakeFiles/test.dir/home/uzygncr/pico/pico-sdk/src/rp2_common/pico_mem_ops/mem_ops_aeabi.S.o
                0x000000001000baf4                __wrap___aeabi_memcpy
                0x000000001000baf4                __wrap_memcpy
 .text._out_null
                0x000000001000bb00        0x4 CMakeFiles/test.dir/home/uzygncr/pico/pico-sdk/src/rp2_common/pico_printf/printf.c.o
 .text._out_rev
                0x000000001000bb04       0x9c CMakeFiles/test.dir/home/uzygncr/pico/pico-sdk/src/rp2_common/pico_printf/printf.c.o
 .text._ntoa_format
                0x000000001000bba0      0x1cc CMakeFiles/test.dir/home/uzygncr/pico/pico-sdk/src/rp2_common/pico_printf/printf.c.o
 .text._out_char
                0x000000001000bd6c       0x10 CMakeFiles/test.dir/home/uzygncr/pico/pico-sdk/src/rp2_common/pico_printf/printf.c.o
 .text._out_fct
                0x000000001000bd7c       0x10 CMakeFiles/test.dir/home/uzygncr/pico/pico-sdk/src/rp2_common/pico_printf/printf.c.o
 .text._etoa    0x000000001000bd8c      0x44c CMakeFiles/test.dir/home/uzygncr/pico/pico-sdk/src/rp2_common/pico_printf/printf.c.o
 .text._ftoa    0x000000001000c1d8      0x398 CMakeFiles/test.dir/home/uzygncr/pico/pico-sdk/src/rp2_common/pico_printf/printf.c.o
 .text._vsnprintf
                0x000000001000c570      0xb04 CMakeFiles/test.dir/home/uzygncr/pico/pico-sdk/src/rp2_common/pico_printf/printf.c.o
 .text.vfctprintf
                0x000000001000d074       0x20 CMakeFiles/test.dir/home/uzygncr/pico/pico-sdk/src/rp2_common/pico_printf/printf.c.o
                0x000000001000d074                vfctprintf
 .text.weak_raw_vprintf
                0x000000001000d094       0x30 CMakeFiles/test.dir/home/uzygncr/pico/pico-sdk/src/rp2_common/pico_printf/printf.c.o
                0x000000001000d094                weak_raw_vprintf
 .text._exit    0x000000001000d0c4        0x4 CMakeFiles/test.dir/home/uzygncr/pico/pico-sdk/src/rp2_common/pico_clib_interface/newlib_interface.c.o
                0x000000001000d0c4                _exit
 .text.exit     0x000000001000d0c8        0x8 CMakeFiles/test.dir/home/uzygncr/pico/pico-sdk/src/rp2_common/pico_clib_interface/newlib_interface.c.o
                0x000000001000d0c8                exit
 .text.runtime_init
                0x000000001000d0d0       0x2c CMakeFiles/test.dir/home/uzygncr/pico/pico-sdk/src/rp2_common/pico_clib_interface/newlib_interface.c.o
                0x000000001000d0d0                runtime_init
 .text.stdio_out_chars_no_crlf
                0x000000001000d0fc       0x10 CMakeFiles/test.dir/home/uzygncr/pico/pico-sdk/src/rp2_common/pico_stdio/stdio.c.o
 .text.stdio_out_chars_crlf
                0x000000001000d10c       0xb4 CMakeFiles/test.dir/home/uzygncr/pico/pico-sdk/src/rp2_common/pico_stdio/stdio.c.o
 .text.stdio_buffered_printer
                0x000000001000d1c0       0x64 CMakeFiles/test.dir/home/uzygncr/pico/pico-sdk/src/rp2_common/pico_stdio/stdio.c.o
 .text.stdio_put_string
                0x000000001000d224      0x100 CMakeFiles/test.dir/home/uzygncr/pico/pico-sdk/src/rp2_common/pico_stdio/stdio.c.o
                0x000000001000d224                stdio_put_string
 .text.stdio_set_driver_enabled
                0x000000001000d324       0x30 CMakeFiles/test.dir/home/uzygncr/pico/pico-sdk/src/rp2_common/pico_stdio/stdio.c.o
                0x000000001000d324                stdio_set_driver_enabled
 .text.stdio_init_all
                0x000000001000d354        0xc CMakeFiles/test.dir/home/uzygncr/pico/pico-sdk/src/rp2_common/pico_stdio/stdio.c.o
                0x000000001000d354                stdio_init_all
 .text.__wrap_putchar
                0x000000001000d360       0x98 CMakeFiles/test.dir/home/uzygncr/pico/pico-sdk/src/rp2_common/pico_stdio/stdio.c.o
                0x000000001000d360                stdio_putchar
                0x000000001000d360                __wrap_putchar
 .text.__wrap_puts
                0x000000001000d3f8       0x3c CMakeFiles/test.dir/home/uzygncr/pico/pico-sdk/src/rp2_common/pico_stdio/stdio.c.o
                0x000000001000d3f8                __wrap_puts
                0x000000001000d3f8                stdio_puts
 .text.__wrap_vprintf
                0x000000001000d434       0xd8 CMakeFiles/test.dir/home/uzygncr/pico/pico-sdk/src/rp2_common/pico_stdio/stdio.c.o
                0x000000001000d434                __wrap_vprintf
                0x000000001000d434                stdio_vprintf
 .text.__wrap_printf
                0x000000001000d50c       0x18 CMakeFiles/test.dir/home/uzygncr/pico/pico-sdk/src/rp2_common/pico_stdio/stdio.c.o
                0x000000001000d50c                stdio_printf
                0x000000001000d50c                __wrap_printf
 .text.stdio_uart_out_chars
                0x000000001000d524       0x4c CMakeFiles/test.dir/home/uzygncr/pico/pico-sdk/src/rp2_common/pico_stdio_uart/stdio_uart.c.o
 .text.stdio_uart_in_chars
                0x000000001000d570       0x84 CMakeFiles/test.dir/home/uzygncr/pico/pico-sdk/src/rp2_common/pico_stdio_uart/stdio_uart.c.o
                0x000000001000d570                stdio_uart_in_chars
 .text.on_uart_rx
                0x000000001000d5f4       0x28 CMakeFiles/test.dir/home/uzygncr/pico/pico-sdk/src/rp2_common/pico_stdio_uart/stdio_uart.c.o
 .text.stdio_uart_out_flush
                0x000000001000d61c       0x14 CMakeFiles/test.dir/home/uzygncr/pico/pico-sdk/src/rp2_common/pico_stdio_uart/stdio_uart.c.o
 .text.stdio_uart_set_chars_available_callback
                0x000000001000d630       0x88 CMakeFiles/test.dir/home/uzygncr/pico/pico-sdk/src/rp2_common/pico_stdio_uart/stdio_uart.c.o
 .text.stdio_uart_init
                0x000000001000d6b8       0x50 CMakeFiles/test.dir/home/uzygncr/pico/pico-sdk/src/rp2_common/pico_stdio_uart/stdio_uart.c.o
                0x000000001000d6b8                stdio_uart_init
 .text          0x000000001000d708       0xac /usr/lib/gcc/arm-none-eabi/10.3.1/../../../arm-none-eabi/lib/thumb/v6-m/nofp/libg.a(lib_a-memmove.o)
                0x000000001000d708                memmove
 .text          0x000000001000d7b4       0x5c /usr/lib/gcc/arm-none-eabi/10.3.1/../../../arm-none-eabi/lib/thumb/v6-m/nofp/libg.a(lib_a-strlen-stub.o)
                0x000000001000d7b4                strlen
 .text          0x000000001000d810       0x74 /usr/lib/gcc/arm-none-eabi/10.3.1/../../../arm-none-eabi/lib/thumb/v6-m/nofp/libg.a(lib_a-strncmp.o)
                0x000000001000d810                strncmp
 *(.fini)
 .fini          0x000000001000d884        0x4 /usr/lib/gcc/arm-none-eabi/10.3.1/thumb/v6-m/nofp/crti.o
                0x000000001000d884                _fini
 .fini.__stub   0x000000001000d888       0xa0 linker stubs
 *crtbegin.o(.ctors)
 *crtbegin?.o(.ctors)
 *(EXCLUDE_FILE(*crtend.o *crtend?.o) .ctors)
 *(SORT_BY_NAME(.ctors.*))
 *(.ctors)
 *crtbegin.o(.dtors)
 *crtbegin?.o(.dtors)
 *(EXCLUDE_FILE(*crtend.o *crtend?.o) .dtors)
 *(SORT_BY_NAME(.dtors.*))
 *(.dtors)
                0x000000001000d928                . = ALIGN (0x4)
                0x000000001000d928                PROVIDE (__preinit_array_start = .)
 *(SORT_BY_NAME(.preinit_array.*))
 .preinit_array.00100
                0x000000001000d928        0x4 CMakeFiles/test.dir/home/uzygncr/pico/pico-sdk/src/rp2_common/pico_runtime_init/runtime_init.c.o
                0x000000001000d928                __pre_init_runtime_init_early_resets
 .preinit_array.00101
                0x000000001000d92c        0x4 CMakeFiles/test.dir/home/uzygncr/pico/pico-sdk/src/rp2_common/pico_runtime_init/runtime_init.c.o
                0x000000001000d92c                __pre_init_runtime_init_usb_power_down
 .preinit_array.00275
                0x000000001000d930        0x4 CMakeFiles/test.dir/home/uzygncr/pico/pico-sdk/src/rp2_common/pico_bit_ops/bit_ops_aeabi.S.o
 .preinit_array.00300
                0x000000001000d934        0x4 CMakeFiles/test.dir/home/uzygncr/pico/pico-sdk/src/rp2_common/pico_mem_ops/mem_ops_aeabi.S.o
 .preinit_array.00350
                0x000000001000d938        0x4 CMakeFiles/test.dir/home/uzygncr/pico/pico-sdk/src/rp2_common/pico_double/double_aeabi_rp2040.S.o
 .preinit_array.00350
                0x000000001000d93c        0x4 CMakeFiles/test.dir/home/uzygncr/pico/pico-sdk/src/rp2_common/pico_float/float_aeabi_rp2040.S.o
 .preinit_array.00500
                0x000000001000d940        0x4 CMakeFiles/test.dir/home/uzygncr/pico/pico-sdk/src/rp2_common/pico_runtime_init/runtime_init.c.o
                0x000000001000d940                __pre_init_runtime_init_clocks
 .preinit_array.00600
                0x000000001000d944        0x4 CMakeFiles/test.dir/home/uzygncr/pico/pico-sdk/src/rp2_common/pico_runtime_init/runtime_init.c.o
                0x000000001000d944                __pre_init_runtime_init_post_clock_resets
 .preinit_array.00700
                0x000000001000d948        0x4 CMakeFiles/test.dir/home/uzygncr/pico/pico-sdk/src/rp2_common/pico_runtime_init/runtime_init.c.o
                0x000000001000d948                __pre_init_runtime_init_rp2040_gpio_ie_disable
 .preinit_array.01000
                0x000000001000d94c        0x4 CMakeFiles/test.dir/home/uzygncr/pico/pico-sdk/src/rp2_common/pico_runtime_init/runtime_init.c.o
                0x000000001000d94c                __pre_init_runtime_init_spin_locks_reset
 .preinit_array.01100
                0x000000001000d950        0x4 CMakeFiles/test.dir/home/uzygncr/pico/pico-sdk/src/common/pico_sync/mutex.c.o
                0x000000001000d950                __pre_init_runtime_init_mutex
 .preinit_array.10080
                0x000000001000d954        0x4 CMakeFiles/test.dir/home/uzygncr/pico/pico-sdk/src/rp2_common/pico_runtime_init/runtime_init.c.o
                0x000000001000d954                __pre_init_runtime_init_install_ram_vector_table
 .preinit_array.11000
                0x000000001000d958        0x4 CMakeFiles/test.dir/home/uzygncr/pico/pico-sdk/src/common/pico_time/time.c.o
                0x000000001000d958                __pre_init_runtime_init_default_alarm_pool
 .preinit_array.YYYYY
                0x000000001000d95c        0x4 CMakeFiles/test.dir/home/uzygncr/pico/pico-sdk/src/rp2_common/pico_runtime/runtime.c.o
                0x000000001000d95c                __pre_init_first_per_core_initializer
 .preinit_array.ZZZZZ.01200
                0x000000001000d960        0x4 CMakeFiles/test.dir/home/uzygncr/pico/pico-sdk/src/rp2_common/hardware_irq/irq.c.o
                0x000000001000d960                __pre_init_runtime_init_per_core_irq_priorities
 *(.preinit_array)
                0x000000001000d964                PROVIDE (__preinit_array_end = .)
                0x000000001000d964                . = ALIGN (0x4)
                0x000000001000d964                PROVIDE (__init_array_start = .)
 *(SORT_BY_NAME(.init_array.*))
 *(.init_array)
 .init_array    0x000000001000d964        0x4 /usr/lib/gcc/arm-none-eabi/10.3.1/thumb/v6-m/nofp/crtbegin.o
 .init_array    0x000000001000d968        0x4 CMakeFiles/test.dir/home/uzygncr/pico/pico-sdk/src/rp2_common/pico_unique_id/unique_id.c.o
                0x000000001000d96c                PROVIDE (__init_array_end = .)
                0x000000001000d96c                . = ALIGN (0x4)
                0x000000001000d96c                PROVIDE (__fini_array_start = .)
 *(SORT_BY_NAME(.fini_array.*))
 *(.fini_array)
                0x000000001000d96c                PROVIDE (__fini_array_end = .)
 *(.eh_frame*)
 .eh_frame      0x000000001000d96c        0x0 /usr/lib/gcc/arm-none-eabi/10.3.1/thumb/v6-m/nofp/crtbegin.o
                0x000000001000d96c                . = ALIGN (0x4)

.glue_7         0x000000001000d96c        0x0
 .glue_7        0x000000001000d96c        0x0 linker stubs

.glue_7t        0x000000001000d96c        0x0
 .glue_7t       0x000000001000d96c        0x0 linker stubs

.vfp11_veneer   0x000000001000d96c        0x0
 .vfp11_veneer  0x000000001000d96c        0x0 linker stubs

.v4_bx          0x000000001000d96c        0x0
 .v4_bx         0x000000001000d96c        0x0 linker stubs

.iplt           0x000000001000d96c        0x0
 .iplt          0x000000001000d96c        0x0 /usr/lib/gcc/arm-none-eabi/10.3.1/thumb/v6-m/nofp/crtbegin.o

.rodata         0x000000001000d970    0x38cec
 *(EXCLUDE_FILE(*libm.a: *libc.a:*lib_a-mem*.o *libgcc.a:) .rodata*)
 .rodata.panic.str1.4
                0x000000001000d970       0x10 CMakeFiles/test.dir/home/uzygncr/pico/pico-sdk/src/rp2_common/pico_platform_panic/panic.c.o
                                         0x12 (size before relaxing)
 .rodata.at_the_end_of_time
                0x000000001000d980        0x8 CMakeFiles/test.dir/home/uzygncr/pico/pico-sdk/src/common/pico_time/time.c.o
                0x000000001000d980                at_the_end_of_time
 .rodata.timer_hardware_alarm_claim.str1.4
                0x000000001000d988       0x22 CMakeFiles/test.dir/home/uzygncr/pico/pico-sdk/src/rp2_common/hardware_timer/timer.c.o
 *fill*         0x000000001000d9aa        0x2 
 .rodata.user_irq_claim_unused.str1.4
                0x000000001000d9ac       0x1b CMakeFiles/test.dir/home/uzygncr/pico/pico-sdk/src/rp2_common/hardware_irq/irq.c.o
 *fill*         0x000000001000d9c7        0x1 
 .rodata.dns_send.isra.0.str1.4
                0x000000001000d9c8       0x18 CMakeFiles/test.dir/home/uzygncr/pico/pico-sdk/lib/lwip/src/core/dns.c.o
 .rodata.dns_check_entry.str1.4
                0x000000001000d9e0       0x3b CMakeFiles/test.dir/home/uzygncr/pico/pico-sdk/lib/lwip/src/core/dns.c.o
 *fill*         0x000000001000da1b        0x1 
 .rodata.mem_free.str1.4
                0x000000001000da1c       0xb6 CMakeFiles/test.dir/home/uzygncr/pico/pico-sdk/lib/lwip/src/core/mem.c.o
 *fill*         0x000000001000dad2        0x2 
 .rodata.mem_trim.str1.4
                0x000000001000dad4       0x49 CMakeFiles/test.dir/home/uzygncr/pico/pico-sdk/lib/lwip/src/core/mem.c.o
 *fill*         0x000000001000db1d        0x3 
 .rodata.mem_malloc.str1.4
                0x000000001000db20       0x5f CMakeFiles/test.dir/home/uzygncr/pico/pico-sdk/lib/lwip/src/core/mem.c.o
 *fill*         0x000000001000db7f        0x1 
 .rodata.memp_malloc_pool.str1.4
                0x000000001000db80       0x37 CMakeFiles/test.dir/home/uzygncr/pico/pico-sdk/lib/lwip/src/core/memp.c.o
 *fill*         0x000000001000dbb7        0x1 
 .rodata.memp_free_pool.str1.4
                0x000000001000dbb8       0x20 CMakeFiles/test.dir/home/uzygncr/pico/pico-sdk/lib/lwip/src/core/memp.c.o
 .rodata.memp_PBUF
                0x000000001000dbd8        0xc CMakeFiles/test.dir/home/uzygncr/pico/pico-sdk/lib/lwip/src/core/memp.c.o
                0x000000001000dbd8                memp_PBUF
 .rodata.memp_PBUF_POOL
                0x000000001000dbe4        0xc CMakeFiles/test.dir/home/uzygncr/pico/pico-sdk/lib/lwip/src/core/memp.c.o
                0x000000001000dbe4                memp_PBUF_POOL
 .rodata.memp_RAW_PCB
                0x000000001000dbf0        0xc CMakeFiles/test.dir/home/uzygncr/pico/pico-sdk/lib/lwip/src/core/memp.c.o
                0x000000001000dbf0                memp_RAW_PCB
 .rodata.memp_REASSDATA
                0x000000001000dbfc        0xc CMakeFiles/test.dir/home/uzygncr/pico/pico-sdk/lib/lwip/src/core/memp.c.o
                0x000000001000dbfc                memp_REASSDATA
 .rodata.memp_SYS_TIMEOUT
                0x000000001000dc08        0xc CMakeFiles/test.dir/home/uzygncr/pico/pico-sdk/lib/lwip/src/core/memp.c.o
                0x000000001000dc08                memp_SYS_TIMEOUT
 .rodata.memp_TCP_PCB
                0x000000001000dc14        0xc CMakeFiles/test.dir/home/uzygncr/pico/pico-sdk/lib/lwip/src/core/memp.c.o
                0x000000001000dc14                memp_TCP_PCB
 .rodata.memp_TCP_PCB_LISTEN
                0x000000001000dc20        0xc CMakeFiles/test.dir/home/uzygncr/pico/pico-sdk/lib/lwip/src/core/memp.c.o
                0x000000001000dc20                memp_TCP_PCB_LISTEN
 .rodata.memp_TCP_SEG
                0x000000001000dc2c        0xc CMakeFiles/test.dir/home/uzygncr/pico/pico-sdk/lib/lwip/src/core/memp.c.o
                0x000000001000dc2c                memp_TCP_SEG
 .rodata.memp_UDP_PCB
                0x000000001000dc38        0xc CMakeFiles/test.dir/home/uzygncr/pico/pico-sdk/lib/lwip/src/core/memp.c.o
                0x000000001000dc38                memp_UDP_PCB
 .rodata.memp_pools
                0x000000001000dc44       0x24 CMakeFiles/test.dir/home/uzygncr/pico/pico-sdk/lib/lwip/src/core/memp.c.o
                0x000000001000dc44                memp_pools
 .rodata.netif_do_set_ipaddr.isra.0.str1.4
                0x000000001000dc68       0x10 CMakeFiles/test.dir/home/uzygncr/pico/pico-sdk/lib/lwip/src/core/netif.c.o
 .rodata.pbuf_free.part.0.str1.4
                0x000000001000dc78       0x2a CMakeFiles/test.dir/home/uzygncr/pico/pico-sdk/lib/lwip/src/core/pbuf.c.o
 *fill*         0x000000001000dca2        0x2 
 .rodata.pbuf_alloc.str1.4
                0x000000001000dca4       0x1b CMakeFiles/test.dir/home/uzygncr/pico/pico-sdk/lib/lwip/src/core/pbuf.c.o
 *fill*         0x000000001000dcbf        0x1 
 .rodata.pbuf_realloc.str1.4
                0x000000001000dcc0       0x65 CMakeFiles/test.dir/home/uzygncr/pico/pico-sdk/lib/lwip/src/core/pbuf.c.o
 *fill*         0x000000001000dd25        0x3 
 .rodata.pbuf_add_header.str1.4
                0x000000001000dd28        0xa CMakeFiles/test.dir/home/uzygncr/pico/pico-sdk/lib/lwip/src/core/pbuf.c.o
 *fill*         0x000000001000dd32        0x2 
 .rodata.pbuf_ref.str1.4
                0x000000001000dd34       0x12 CMakeFiles/test.dir/home/uzygncr/pico/pico-sdk/lib/lwip/src/core/pbuf.c.o
 *fill*         0x000000001000dd46        0x2 
 .rodata.pbuf_cat.str1.4
                0x000000001000dd48       0x2d CMakeFiles/test.dir/home/uzygncr/pico/pico-sdk/lib/lwip/src/core/pbuf.c.o
 *fill*         0x000000001000dd75        0x3 
 .rodata.pbuf_copy_partial_pbuf.str1.4
                0x000000001000dd78       0x33 CMakeFiles/test.dir/home/uzygncr/pico/pico-sdk/lib/lwip/src/core/pbuf.c.o
 *fill*         0x000000001000ddab        0x1 
 .rodata.pbuf_take.str1.4
                0x000000001000ddac       0x2e CMakeFiles/test.dir/home/uzygncr/pico/pico-sdk/lib/lwip/src/core/pbuf.c.o
 *fill*         0x000000001000ddda        0x2 
 .rodata.tcp_close_shutdown_fin.str1.4
                0x000000001000dddc        0xc CMakeFiles/test.dir/home/uzygncr/pico/pico-sdk/lib/lwip/src/core/tcp.c.o
 .rodata.tcp_free.str1.4
                0x000000001000dde8       0x11 CMakeFiles/test.dir/home/uzygncr/pico/pico-sdk/lib/lwip/src/core/tcp.c.o
 *fill*         0x000000001000ddf9        0x3 
 .rodata.tcp_update_rcv_ann_wnd.str1.4
                0x000000001000ddfc       0x3e CMakeFiles/test.dir/home/uzygncr/pico/pico-sdk/lib/lwip/src/core/tcp.c.o
 *fill*         0x000000001000de3a        0x2 
 .rodata.tcp_recved.str1.4
                0x000000001000de3c       0x26 CMakeFiles/test.dir/home/uzygncr/pico/pico-sdk/lib/lwip/src/core/tcp.c.o
 *fill*         0x000000001000de62        0x2 
 .rodata.tcp_slowtmr.str1.4
                0x000000001000de64      0x1c6 CMakeFiles/test.dir/home/uzygncr/pico/pico-sdk/lib/lwip/src/core/tcp.c.o
 *fill*         0x000000001000e02a        0x2 
 .rodata.tcp_pcb_remove.str1.4
                0x000000001000e02c       0x87 CMakeFiles/test.dir/home/uzygncr/pico/pico-sdk/lib/lwip/src/core/tcp.c.o
 *fill*         0x000000001000e0b3        0x1 
 .rodata.tcp_abandon.str1.4
                0x000000001000e0b4       0x31 CMakeFiles/test.dir/home/uzygncr/pico/pico-sdk/lib/lwip/src/core/tcp.c.o
 *fill*         0x000000001000e0e5        0x3 
 .rodata.tcp_eff_send_mss_netif.str1.4
                0x000000001000e0e8       0x27 CMakeFiles/test.dir/home/uzygncr/pico/pico-sdk/lib/lwip/src/core/tcp.c.o
 *fill*         0x000000001000e10f        0x1 
 .rodata.tcp_backoff
                0x000000001000e110        0xd CMakeFiles/test.dir/home/uzygncr/pico/pico-sdk/lib/lwip/src/core/tcp.c.o
 *fill*         0x000000001000e11d        0x3 
 .rodata.tcp_persist_backoff
                0x000000001000e120        0x7 CMakeFiles/test.dir/home/uzygncr/pico/pico-sdk/lib/lwip/src/core/tcp.c.o
 *fill*         0x000000001000e127        0x1 
 .rodata.tcp_create_segment.str1.4
                0x000000001000e128       0x59 CMakeFiles/test.dir/home/uzygncr/pico/pico-sdk/lib/lwip/src/core/tcp_out.c.o
 *fill*         0x000000001000e181        0x3 
 .rodata.tcp_output_control_segment.str1.4
                0x000000001000e184       0x29 CMakeFiles/test.dir/home/uzygncr/pico/pico-sdk/lib/lwip/src/core/tcp_out.c.o
 *fill*         0x000000001000e1ad        0x3 
 .rodata.tcp_output_alloc_header.constprop.0.str1.4
                0x000000001000e1b0       0x56 CMakeFiles/test.dir/home/uzygncr/pico/pico-sdk/lib/lwip/src/core/tcp_out.c.o
 *fill*         0x000000001000e206        0x2 
 .rodata.tcp_split_unsent_seg.str1.4
                0x000000001000e208       0x55 CMakeFiles/test.dir/home/uzygncr/pico/pico-sdk/lib/lwip/src/core/tcp_out.c.o
 *fill*         0x000000001000e25d        0x3 
 .rodata.tcp_send_fin.str1.4
                0x000000001000e260       0x88 CMakeFiles/test.dir/home/uzygncr/pico/pico-sdk/lib/lwip/src/core/tcp_out.c.o
 .rodata.tcp_rexmit_rto_prepare.str1.4
                0x000000001000e2e8       0x24 CMakeFiles/test.dir/home/uzygncr/pico/pico-sdk/lib/lwip/src/core/tcp_out.c.o
 .rodata.tcp_rst.str1.4
                0x000000001000e30c       0x37 CMakeFiles/test.dir/home/uzygncr/pico/pico-sdk/lib/lwip/src/core/tcp_out.c.o
 *fill*         0x000000001000e343        0x1 
 .rodata.tcp_send_empty_ack.str1.4